<!doctype html public "-//w3c//dtd html 4.0 transitional//en">
<html><head>
<title>Static Call Graph - [.\Objects\empty_LP_MSPM0G3507_nortos_keil.axf]</title></head>
<body><HR>
<H1>Static Call Graph for image .\Objects\empty_LP_MSPM0G3507_nortos_keil.axf</H1><HR>
<BR><P>#&#060CALLGRAPH&#062# ARM Linker, 6220000: Last Updated: Wed Jul 31 13:59:51 2024
<BR><P>
<H3>Maximum Stack Usage =        792 bytes + Unknown(Cycles, Untraceable Function Pointers)</H3><H3>
Call chain for Maximum Stack Depth:</H3>
main &rArr; Get_Angle &rArr; Read_DMP &rArr; dmp_read_fifo &rArr; mpu_read_fifo_stream &rArr; mpu_reset_fifo &rArr; i2cWrite &rArr; IIC_Wait_Ack &rArr; IIC_Stop &rArr; delay_us &rArr; __stack_chk_fail &rArr; printf
<P>
<H3>
Mutually Recursive functions
</H3> <LI><a href="#[1]">NMI_Handler</a>&nbsp;&nbsp;&nbsp;&rArr;&nbsp;&nbsp;&nbsp;<a href="#[1]">NMI_Handler</a><BR>
 <LI><a href="#[2]">HardFault_Handler</a>&nbsp;&nbsp;&nbsp;&rArr;&nbsp;&nbsp;&nbsp;<a href="#[2]">HardFault_Handler</a><BR>
 <LI><a href="#[3]">SVC_Handler</a>&nbsp;&nbsp;&nbsp;&rArr;&nbsp;&nbsp;&nbsp;<a href="#[3]">SVC_Handler</a><BR>
 <LI><a href="#[4]">PendSV_Handler</a>&nbsp;&nbsp;&nbsp;&rArr;&nbsp;&nbsp;&nbsp;<a href="#[4]">PendSV_Handler</a><BR>
 <LI><a href="#[5]">SysTick_Handler</a>&nbsp;&nbsp;&nbsp;&rArr;&nbsp;&nbsp;&nbsp;<a href="#[5]">SysTick_Handler</a><BR>
</UL>
<P>
<H3>
Function Pointers
</H3><UL>
 <LI><a href="#[a]">ADC0_IRQHandler</a> from empty.o(.text.ADC0_IRQHandler) referenced from startup_mspm0g350x_uvision.o(RESET)
 <LI><a href="#[b]">ADC1_IRQHandler</a> from startup_mspm0g350x_uvision.o(.text) referenced from startup_mspm0g350x_uvision.o(RESET)
 <LI><a href="#[1b]">AES_IRQHandler</a> from startup_mspm0g350x_uvision.o(.text) referenced from startup_mspm0g350x_uvision.o(RESET)
 <LI><a href="#[c]">CANFD0_IRQHandler</a> from startup_mspm0g350x_uvision.o(.text) referenced from startup_mspm0g350x_uvision.o(RESET)
 <LI><a href="#[d]">DAC0_IRQHandler</a> from startup_mspm0g350x_uvision.o(.text) referenced from startup_mspm0g350x_uvision.o(RESET)
 <LI><a href="#[1d]">DMA_IRQHandler</a> from startup_mspm0g350x_uvision.o(.text) referenced from startup_mspm0g350x_uvision.o(RESET)
 <LI><a href="#[6]">GROUP0_IRQHandler</a> from startup_mspm0g350x_uvision.o(.text) referenced from startup_mspm0g350x_uvision.o(RESET)
 <LI><a href="#[7]">GROUP1_IRQHandler</a> from encoder.o(.text.GROUP1_IRQHandler) referenced from startup_mspm0g350x_uvision.o(RESET)
 <LI><a href="#[2]">HardFault_Handler</a> from startup_mspm0g350x_uvision.o(.text) referenced from startup_mspm0g350x_uvision.o(RESET)
 <LI><a href="#[19]">I2C0_IRQHandler</a> from startup_mspm0g350x_uvision.o(.text) referenced from startup_mspm0g350x_uvision.o(RESET)
 <LI><a href="#[1a]">I2C1_IRQHandler</a> from startup_mspm0g350x_uvision.o(.text) referenced from startup_mspm0g350x_uvision.o(RESET)
 <LI><a href="#[1]">NMI_Handler</a> from startup_mspm0g350x_uvision.o(.text) referenced from startup_mspm0g350x_uvision.o(RESET)
 <LI><a href="#[4]">PendSV_Handler</a> from startup_mspm0g350x_uvision.o(.text) referenced from startup_mspm0g350x_uvision.o(RESET)
 <LI><a href="#[1c]">RTC_IRQHandler</a> from startup_mspm0g350x_uvision.o(.text) referenced from startup_mspm0g350x_uvision.o(RESET)
 <LI><a href="#[0]">Reset_Handler</a> from startup_mspm0g350x_uvision.o(.text) referenced from startup_mspm0g350x_uvision.o(RESET)
 <LI><a href="#[e]">SPI0_IRQHandler</a> from startup_mspm0g350x_uvision.o(.text) referenced from startup_mspm0g350x_uvision.o(RESET)
 <LI><a href="#[f]">SPI1_IRQHandler</a> from startup_mspm0g350x_uvision.o(.text) referenced from startup_mspm0g350x_uvision.o(RESET)
 <LI><a href="#[3]">SVC_Handler</a> from startup_mspm0g350x_uvision.o(.text) referenced from startup_mspm0g350x_uvision.o(RESET)
 <LI><a href="#[5]">SysTick_Handler</a> from startup_mspm0g350x_uvision.o(.text) referenced from startup_mspm0g350x_uvision.o(RESET)
 <LI><a href="#[15]">TIMA0_IRQHandler</a> from empty.o(.text.TIMA0_IRQHandler) referenced from startup_mspm0g350x_uvision.o(RESET)
 <LI><a href="#[16]">TIMA1_IRQHandler</a> from startup_mspm0g350x_uvision.o(.text) referenced from startup_mspm0g350x_uvision.o(RESET)
 <LI><a href="#[13]">TIMG0_IRQHandler</a> from startup_mspm0g350x_uvision.o(.text) referenced from startup_mspm0g350x_uvision.o(RESET)
 <LI><a href="#[18]">TIMG12_IRQHandler</a> from startup_mspm0g350x_uvision.o(.text) referenced from startup_mspm0g350x_uvision.o(RESET)
 <LI><a href="#[14]">TIMG6_IRQHandler</a> from startup_mspm0g350x_uvision.o(.text) referenced from startup_mspm0g350x_uvision.o(RESET)
 <LI><a href="#[17]">TIMG7_IRQHandler</a> from startup_mspm0g350x_uvision.o(.text) referenced from startup_mspm0g350x_uvision.o(RESET)
 <LI><a href="#[8]">TIMG8_IRQHandler</a> from startup_mspm0g350x_uvision.o(.text) referenced from startup_mspm0g350x_uvision.o(RESET)
 <LI><a href="#[12]">UART0_IRQHandler</a> from board.o(.text.UART0_IRQHandler) referenced from startup_mspm0g350x_uvision.o(RESET)
 <LI><a href="#[10]">UART1_IRQHandler</a> from board.o(.text.UART1_IRQHandler) referenced from startup_mspm0g350x_uvision.o(RESET)
 <LI><a href="#[11]">UART2_IRQHandler</a> from startup_mspm0g350x_uvision.o(.text) referenced from startup_mspm0g350x_uvision.o(RESET)
 <LI><a href="#[9]">UART3_IRQHandler</a> from startup_mspm0g350x_uvision.o(.text) referenced from startup_mspm0g350x_uvision.o(RESET)
 <LI><a href="#[1f]">__main</a> from entry.o(.ARM.Collect$$$$00000000) referenced from startup_mspm0g350x_uvision.o(.text)
 <LI><a href="#[20]">fputc</a> from board.o(.text.fputc) referenced from printfa.o(i.__0printf)
 <LI><a href="#[1e]">main</a> from empty.o(.text.main) referenced from entry9a.o(.ARM.Collect$$$$0000000B)
</UL>
<P>
<H3>
Global Symbols
</H3>
<P><STRONG><a name="[1f]"></a>__main</STRONG> (Thumb, 0 bytes, Stack size unknown bytes, entry.o(.ARM.Collect$$$$00000000))
<BR>[Address Reference Count : 1]<UL><LI> startup_mspm0g350x_uvision.o(.text)
</UL>
<P><STRONG><a name="[127]"></a>_main_stk</STRONG> (Thumb, 0 bytes, Stack size unknown bytes, entry2.o(.ARM.Collect$$$$00000001))

<P><STRONG><a name="[21]"></a>_main_scatterload</STRONG> (Thumb, 0 bytes, Stack size unknown bytes, entry5.o(.ARM.Collect$$$$00000004))
<BR><BR>[Calls]<UL><LI><a href="#[22]">&gt;&gt;</a>&nbsp;&nbsp;&nbsp;__scatterload
</UL>

<P><STRONG><a name="[41]"></a>__main_after_scatterload</STRONG> (Thumb, 0 bytes, Stack size unknown bytes, entry5.o(.ARM.Collect$$$$00000004))
<BR><BR>[Called By]<UL><LI><a href="#[22]">&gt;&gt;</a>&nbsp;&nbsp;&nbsp;__scatterload
</UL>

<P><STRONG><a name="[128]"></a>_main_clock</STRONG> (Thumb, 0 bytes, Stack size unknown bytes, entry7b.o(.ARM.Collect$$$$00000008))

<P><STRONG><a name="[129]"></a>_main_cpp_init</STRONG> (Thumb, 0 bytes, Stack size unknown bytes, entry8b.o(.ARM.Collect$$$$0000000A))

<P><STRONG><a name="[12a]"></a>_main_init</STRONG> (Thumb, 0 bytes, Stack size unknown bytes, entry9a.o(.ARM.Collect$$$$0000000B))

<P><STRONG><a name="[12b]"></a>__rt_final_cpp</STRONG> (Thumb, 0 bytes, Stack size unknown bytes, entry10a.o(.ARM.Collect$$$$0000000D))

<P><STRONG><a name="[12c]"></a>__rt_final_exit</STRONG> (Thumb, 0 bytes, Stack size unknown bytes, entry11a.o(.ARM.Collect$$$$0000000F))

<P><STRONG><a name="[0]"></a>Reset_Handler</STRONG> (Thumb, 4 bytes, Stack size 0 bytes, startup_mspm0g350x_uvision.o(.text))
<BR>[Address Reference Count : 1]<UL><LI> startup_mspm0g350x_uvision.o(RESET)
</UL>
<P><STRONG><a name="[1]"></a>NMI_Handler</STRONG> (Thumb, 2 bytes, Stack size 0 bytes, startup_mspm0g350x_uvision.o(.text))
<BR><BR>[Calls]<UL><LI><a href="#[1]">&gt;&gt;</a>&nbsp;&nbsp;&nbsp;NMI_Handler
</UL>
<BR>[Called By]<UL><LI><a href="#[1]">&gt;&gt;</a>&nbsp;&nbsp;&nbsp;NMI_Handler
</UL>
<BR>[Address Reference Count : 1]<UL><LI> startup_mspm0g350x_uvision.o(RESET)
</UL>
<P><STRONG><a name="[2]"></a>HardFault_Handler</STRONG> (Thumb, 2 bytes, Stack size 0 bytes, startup_mspm0g350x_uvision.o(.text))
<BR><BR>[Calls]<UL><LI><a href="#[2]">&gt;&gt;</a>&nbsp;&nbsp;&nbsp;HardFault_Handler
</UL>
<BR>[Called By]<UL><LI><a href="#[2]">&gt;&gt;</a>&nbsp;&nbsp;&nbsp;HardFault_Handler
</UL>
<BR>[Address Reference Count : 1]<UL><LI> startup_mspm0g350x_uvision.o(RESET)
</UL>
<P><STRONG><a name="[3]"></a>SVC_Handler</STRONG> (Thumb, 2 bytes, Stack size 0 bytes, startup_mspm0g350x_uvision.o(.text))
<BR><BR>[Calls]<UL><LI><a href="#[3]">&gt;&gt;</a>&nbsp;&nbsp;&nbsp;SVC_Handler
</UL>
<BR>[Called By]<UL><LI><a href="#[3]">&gt;&gt;</a>&nbsp;&nbsp;&nbsp;SVC_Handler
</UL>
<BR>[Address Reference Count : 1]<UL><LI> startup_mspm0g350x_uvision.o(RESET)
</UL>
<P><STRONG><a name="[4]"></a>PendSV_Handler</STRONG> (Thumb, 2 bytes, Stack size 0 bytes, startup_mspm0g350x_uvision.o(.text))
<BR><BR>[Calls]<UL><LI><a href="#[4]">&gt;&gt;</a>&nbsp;&nbsp;&nbsp;PendSV_Handler
</UL>
<BR>[Called By]<UL><LI><a href="#[4]">&gt;&gt;</a>&nbsp;&nbsp;&nbsp;PendSV_Handler
</UL>
<BR>[Address Reference Count : 1]<UL><LI> startup_mspm0g350x_uvision.o(RESET)
</UL>
<P><STRONG><a name="[5]"></a>SysTick_Handler</STRONG> (Thumb, 2 bytes, Stack size 0 bytes, startup_mspm0g350x_uvision.o(.text))
<BR><BR>[Calls]<UL><LI><a href="#[5]">&gt;&gt;</a>&nbsp;&nbsp;&nbsp;SysTick_Handler
</UL>
<BR>[Called By]<UL><LI><a href="#[5]">&gt;&gt;</a>&nbsp;&nbsp;&nbsp;SysTick_Handler
</UL>
<BR>[Address Reference Count : 1]<UL><LI> startup_mspm0g350x_uvision.o(RESET)
</UL>
<P><STRONG><a name="[b]"></a>ADC1_IRQHandler</STRONG> (Thumb, 0 bytes, Stack size 0 bytes, startup_mspm0g350x_uvision.o(.text))
<BR>[Address Reference Count : 1]<UL><LI> startup_mspm0g350x_uvision.o(RESET)
</UL>
<P><STRONG><a name="[1b]"></a>AES_IRQHandler</STRONG> (Thumb, 0 bytes, Stack size 0 bytes, startup_mspm0g350x_uvision.o(.text))
<BR>[Address Reference Count : 1]<UL><LI> startup_mspm0g350x_uvision.o(RESET)
</UL>
<P><STRONG><a name="[c]"></a>CANFD0_IRQHandler</STRONG> (Thumb, 0 bytes, Stack size 0 bytes, startup_mspm0g350x_uvision.o(.text))
<BR>[Address Reference Count : 1]<UL><LI> startup_mspm0g350x_uvision.o(RESET)
</UL>
<P><STRONG><a name="[d]"></a>DAC0_IRQHandler</STRONG> (Thumb, 0 bytes, Stack size 0 bytes, startup_mspm0g350x_uvision.o(.text))
<BR>[Address Reference Count : 1]<UL><LI> startup_mspm0g350x_uvision.o(RESET)
</UL>
<P><STRONG><a name="[1d]"></a>DMA_IRQHandler</STRONG> (Thumb, 0 bytes, Stack size 0 bytes, startup_mspm0g350x_uvision.o(.text))
<BR>[Address Reference Count : 1]<UL><LI> startup_mspm0g350x_uvision.o(RESET)
</UL>
<P><STRONG><a name="[23]"></a>Default_Handler</STRONG> (Thumb, 2 bytes, Stack size 0 bytes, startup_mspm0g350x_uvision.o(.text), UNUSED)
<BR><BR>[Calls]<UL><LI><a href="#[23]">&gt;&gt;</a>&nbsp;&nbsp;&nbsp;Default_Handler
</UL>
<BR>[Called By]<UL><LI><a href="#[23]">&gt;&gt;</a>&nbsp;&nbsp;&nbsp;Default_Handler
</UL>

<P><STRONG><a name="[6]"></a>GROUP0_IRQHandler</STRONG> (Thumb, 0 bytes, Stack size 0 bytes, startup_mspm0g350x_uvision.o(.text))
<BR>[Address Reference Count : 1]<UL><LI> startup_mspm0g350x_uvision.o(RESET)
</UL>
<P><STRONG><a name="[19]"></a>I2C0_IRQHandler</STRONG> (Thumb, 0 bytes, Stack size 0 bytes, startup_mspm0g350x_uvision.o(.text))
<BR>[Address Reference Count : 1]<UL><LI> startup_mspm0g350x_uvision.o(RESET)
</UL>
<P><STRONG><a name="[1a]"></a>I2C1_IRQHandler</STRONG> (Thumb, 0 bytes, Stack size 0 bytes, startup_mspm0g350x_uvision.o(.text))
<BR>[Address Reference Count : 1]<UL><LI> startup_mspm0g350x_uvision.o(RESET)
</UL>
<P><STRONG><a name="[1c]"></a>RTC_IRQHandler</STRONG> (Thumb, 0 bytes, Stack size 0 bytes, startup_mspm0g350x_uvision.o(.text))
<BR>[Address Reference Count : 1]<UL><LI> startup_mspm0g350x_uvision.o(RESET)
</UL>
<P><STRONG><a name="[e]"></a>SPI0_IRQHandler</STRONG> (Thumb, 0 bytes, Stack size 0 bytes, startup_mspm0g350x_uvision.o(.text))
<BR>[Address Reference Count : 1]<UL><LI> startup_mspm0g350x_uvision.o(RESET)
</UL>
<P><STRONG><a name="[f]"></a>SPI1_IRQHandler</STRONG> (Thumb, 0 bytes, Stack size 0 bytes, startup_mspm0g350x_uvision.o(.text))
<BR>[Address Reference Count : 1]<UL><LI> startup_mspm0g350x_uvision.o(RESET)
</UL>
<P><STRONG><a name="[16]"></a>TIMA1_IRQHandler</STRONG> (Thumb, 0 bytes, Stack size 0 bytes, startup_mspm0g350x_uvision.o(.text))
<BR>[Address Reference Count : 1]<UL><LI> startup_mspm0g350x_uvision.o(RESET)
</UL>
<P><STRONG><a name="[13]"></a>TIMG0_IRQHandler</STRONG> (Thumb, 0 bytes, Stack size 0 bytes, startup_mspm0g350x_uvision.o(.text))
<BR>[Address Reference Count : 1]<UL><LI> startup_mspm0g350x_uvision.o(RESET)
</UL>
<P><STRONG><a name="[18]"></a>TIMG12_IRQHandler</STRONG> (Thumb, 0 bytes, Stack size 0 bytes, startup_mspm0g350x_uvision.o(.text))
<BR>[Address Reference Count : 1]<UL><LI> startup_mspm0g350x_uvision.o(RESET)
</UL>
<P><STRONG><a name="[14]"></a>TIMG6_IRQHandler</STRONG> (Thumb, 0 bytes, Stack size 0 bytes, startup_mspm0g350x_uvision.o(.text))
<BR>[Address Reference Count : 1]<UL><LI> startup_mspm0g350x_uvision.o(RESET)
</UL>
<P><STRONG><a name="[17]"></a>TIMG7_IRQHandler</STRONG> (Thumb, 0 bytes, Stack size 0 bytes, startup_mspm0g350x_uvision.o(.text))
<BR>[Address Reference Count : 1]<UL><LI> startup_mspm0g350x_uvision.o(RESET)
</UL>
<P><STRONG><a name="[8]"></a>TIMG8_IRQHandler</STRONG> (Thumb, 0 bytes, Stack size 0 bytes, startup_mspm0g350x_uvision.o(.text))
<BR>[Address Reference Count : 1]<UL><LI> startup_mspm0g350x_uvision.o(RESET)
</UL>
<P><STRONG><a name="[11]"></a>UART2_IRQHandler</STRONG> (Thumb, 0 bytes, Stack size 0 bytes, startup_mspm0g350x_uvision.o(.text))
<BR>[Address Reference Count : 1]<UL><LI> startup_mspm0g350x_uvision.o(RESET)
</UL>
<P><STRONG><a name="[9]"></a>UART3_IRQHandler</STRONG> (Thumb, 0 bytes, Stack size 0 bytes, startup_mspm0g350x_uvision.o(.text))
<BR>[Address Reference Count : 1]<UL><LI> startup_mspm0g350x_uvision.o(RESET)
</UL>
<P><STRONG><a name="[24]"></a>__aeabi_ldivmod</STRONG> (Thumb, 76 bytes, Stack size 24 bytes, ldiv.o(.text))
<BR><BR>[Stack]<UL><LI>Max Depth = 80<LI>Call Chain = __aeabi_ldivmod &rArr; __aeabi_uldivmod &rArr; __aeabi_llsr
</UL>
<BR>[Calls]<UL><LI><a href="#[25]">&gt;&gt;</a>&nbsp;&nbsp;&nbsp;__aeabi_uldivmod
</UL>
<BR>[Called By]<UL><LI><a href="#[101]">&gt;&gt;</a>&nbsp;&nbsp;&nbsp;get_st_biases
</UL>

<P><STRONG><a name="[fc]"></a>__aeabi_lmul</STRONG> (Thumb, 48 bytes, Stack size 12 bytes, llmul.o(.text))
<BR><BR>[Stack]<UL><LI>Max Depth = 12<LI>Call Chain = __aeabi_lmul
</UL>
<BR>[Called By]<UL><LI><a href="#[fa]">&gt;&gt;</a>&nbsp;&nbsp;&nbsp;dmp_set_accel_bias
<LI><a href="#[fe]">&gt;&gt;</a>&nbsp;&nbsp;&nbsp;dmp_set_gyro_bias
</UL>

<P><STRONG><a name="[12d]"></a>_ll_mul</STRONG> (Thumb, 0 bytes, Stack size 12 bytes, llmul.o(.text), UNUSED)

<P><STRONG><a name="[27]"></a>__aeabi_memset</STRONG> (Thumb, 14 bytes, Stack size 0 bytes, memseta.o(.text))
<BR><BR>[Called By]<UL><LI><a href="#[28]">&gt;&gt;</a>&nbsp;&nbsp;&nbsp;_memset$wrapper
<LI><a href="#[26]">&gt;&gt;</a>&nbsp;&nbsp;&nbsp;__aeabi_memclr
</UL>

<P><STRONG><a name="[12e]"></a>__aeabi_memset4</STRONG> (Thumb, 0 bytes, Stack size 0 bytes, memseta.o(.text), UNUSED)

<P><STRONG><a name="[12f]"></a>__aeabi_memset8</STRONG> (Thumb, 0 bytes, Stack size 0 bytes, memseta.o(.text), UNUSED)

<P><STRONG><a name="[26]"></a>__aeabi_memclr</STRONG> (Thumb, 4 bytes, Stack size 0 bytes, memseta.o(.text))
<BR><BR>[Calls]<UL><LI><a href="#[27]">&gt;&gt;</a>&nbsp;&nbsp;&nbsp;__aeabi_memset
</UL>
<BR>[Called By]<UL><LI><a href="#[10]">&gt;&gt;</a>&nbsp;&nbsp;&nbsp;UART1_IRQHandler
</UL>

<P><STRONG><a name="[130]"></a>__aeabi_memclr4</STRONG> (Thumb, 0 bytes, Stack size 0 bytes, memseta.o(.text), UNUSED)

<P><STRONG><a name="[131]"></a>__aeabi_memclr8</STRONG> (Thumb, 0 bytes, Stack size 0 bytes, memseta.o(.text), UNUSED)

<P><STRONG><a name="[28]"></a>_memset$wrapper</STRONG> (Thumb, 18 bytes, Stack size 8 bytes, memseta.o(.text), UNUSED)
<BR><BR>[Calls]<UL><LI><a href="#[27]">&gt;&gt;</a>&nbsp;&nbsp;&nbsp;__aeabi_memset
</UL>

<P><STRONG><a name="[110]"></a>memcmp</STRONG> (Thumb, 26 bytes, Stack size 12 bytes, memcmp.o(.text))
<BR><BR>[Stack]<UL><LI>Max Depth = 12<LI>Call Chain = memcmp
</UL>
<BR>[Called By]<UL><LI><a href="#[f7]">&gt;&gt;</a>&nbsp;&nbsp;&nbsp;mpu_load_firmware
</UL>

<P><STRONG><a name="[29]"></a>__aeabi_fadd</STRONG> (Thumb, 162 bytes, Stack size 24 bytes, fadd.o(.text))
<BR><BR>[Stack]<UL><LI>Max Depth = 36<LI>Call Chain = __aeabi_fadd &rArr; _float_epilogue
</UL>
<BR>[Calls]<UL><LI><a href="#[2b]">&gt;&gt;</a>&nbsp;&nbsp;&nbsp;_float_round
<LI><a href="#[2a]">&gt;&gt;</a>&nbsp;&nbsp;&nbsp;_float_epilogue
</UL>
<BR>[Called By]<UL><LI><a href="#[df]">&gt;&gt;</a>&nbsp;&nbsp;&nbsp;Velocity_B
<LI><a href="#[de]">&gt;&gt;</a>&nbsp;&nbsp;&nbsp;Velocity_A
<LI><a href="#[c3]">&gt;&gt;</a>&nbsp;&nbsp;&nbsp;Kinematic_Analysis
<LI><a href="#[4a]">&gt;&gt;</a>&nbsp;&nbsp;&nbsp;Complementary_Filter_y
<LI><a href="#[49]">&gt;&gt;</a>&nbsp;&nbsp;&nbsp;Complementary_Filter_x
<LI><a href="#[b5]">&gt;&gt;</a>&nbsp;&nbsp;&nbsp;Kalman_Filter_y
<LI><a href="#[b4]">&gt;&gt;</a>&nbsp;&nbsp;&nbsp;Kalman_Filter_x
<LI><a href="#[b0]">&gt;&gt;</a>&nbsp;&nbsp;&nbsp;Read_DMP
<LI><a href="#[2c]">&gt;&gt;</a>&nbsp;&nbsp;&nbsp;__aeabi_fsub
<LI><a href="#[af]">&gt;&gt;</a>&nbsp;&nbsp;&nbsp;Get_Angle
<LI><a href="#[45]">&gt;&gt;</a>&nbsp;&nbsp;&nbsp;CCD_Mode
<LI><a href="#[2d]">&gt;&gt;</a>&nbsp;&nbsp;&nbsp;__aeabi_frsub
<LI><a href="#[103]">&gt;&gt;</a>&nbsp;&nbsp;&nbsp;gyro_self_test
<LI><a href="#[e4]">&gt;&gt;</a>&nbsp;&nbsp;&nbsp;accel_self_test
</UL>

<P><STRONG><a name="[2c]"></a>__aeabi_fsub</STRONG> (Thumb, 8 bytes, Stack size 0 bytes, fadd.o(.text))
<BR><BR>[Stack]<UL><LI>Max Depth = 36<LI>Call Chain = __aeabi_fsub &rArr; __aeabi_fadd &rArr; _float_epilogue
</UL>
<BR>[Calls]<UL><LI><a href="#[29]">&gt;&gt;</a>&nbsp;&nbsp;&nbsp;__aeabi_fadd
</UL>
<BR>[Called By]<UL><LI><a href="#[c3]">&gt;&gt;</a>&nbsp;&nbsp;&nbsp;Kinematic_Analysis
<LI><a href="#[4a]">&gt;&gt;</a>&nbsp;&nbsp;&nbsp;Complementary_Filter_y
<LI><a href="#[49]">&gt;&gt;</a>&nbsp;&nbsp;&nbsp;Complementary_Filter_x
<LI><a href="#[b5]">&gt;&gt;</a>&nbsp;&nbsp;&nbsp;Kalman_Filter_y
<LI><a href="#[b4]">&gt;&gt;</a>&nbsp;&nbsp;&nbsp;Kalman_Filter_x
<LI><a href="#[b0]">&gt;&gt;</a>&nbsp;&nbsp;&nbsp;Read_DMP
<LI><a href="#[45]">&gt;&gt;</a>&nbsp;&nbsp;&nbsp;CCD_Mode
</UL>

<P><STRONG><a name="[2d]"></a>__aeabi_frsub</STRONG> (Thumb, 8 bytes, Stack size 0 bytes, fadd.o(.text), UNUSED)
<BR><BR>[Calls]<UL><LI><a href="#[29]">&gt;&gt;</a>&nbsp;&nbsp;&nbsp;__aeabi_fadd
</UL>

<P><STRONG><a name="[48]"></a>__aeabi_fmul</STRONG> (Thumb, 122 bytes, Stack size 16 bytes, fmul.o(.text))
<BR><BR>[Stack]<UL><LI>Max Depth = 16<LI>Call Chain = __aeabi_fmul
</UL>
<BR>[Called By]<UL><LI><a href="#[df]">&gt;&gt;</a>&nbsp;&nbsp;&nbsp;Velocity_B
<LI><a href="#[de]">&gt;&gt;</a>&nbsp;&nbsp;&nbsp;Velocity_A
<LI><a href="#[4a]">&gt;&gt;</a>&nbsp;&nbsp;&nbsp;Complementary_Filter_y
<LI><a href="#[49]">&gt;&gt;</a>&nbsp;&nbsp;&nbsp;Complementary_Filter_x
<LI><a href="#[b5]">&gt;&gt;</a>&nbsp;&nbsp;&nbsp;Kalman_Filter_y
<LI><a href="#[b4]">&gt;&gt;</a>&nbsp;&nbsp;&nbsp;Kalman_Filter_x
<LI><a href="#[b0]">&gt;&gt;</a>&nbsp;&nbsp;&nbsp;Read_DMP
<LI><a href="#[45]">&gt;&gt;</a>&nbsp;&nbsp;&nbsp;CCD_Mode
<LI><a href="#[ac]">&gt;&gt;</a>&nbsp;&nbsp;&nbsp;run_self_test
<LI><a href="#[ee]">&gt;&gt;</a>&nbsp;&nbsp;&nbsp;dmp_set_tap_thresh
<LI><a href="#[e5]">&gt;&gt;</a>&nbsp;&nbsp;&nbsp;get_accel_prod_shift
<LI><a href="#[103]">&gt;&gt;</a>&nbsp;&nbsp;&nbsp;gyro_self_test
</UL>

<P><STRONG><a name="[2e]"></a>__aeabi_fdiv</STRONG> (Thumb, 124 bytes, Stack size 16 bytes, fdiv.o(.text))
<BR><BR>[Stack]<UL><LI>Max Depth = 16<LI>Call Chain = __aeabi_fdiv
</UL>
<BR>[Calls]<UL><LI><a href="#[2b]">&gt;&gt;</a>&nbsp;&nbsp;&nbsp;_float_round
</UL>
<BR>[Called By]<UL><LI><a href="#[10]">&gt;&gt;</a>&nbsp;&nbsp;&nbsp;UART1_IRQHandler
<LI><a href="#[b5]">&gt;&gt;</a>&nbsp;&nbsp;&nbsp;Kalman_Filter_y
<LI><a href="#[b4]">&gt;&gt;</a>&nbsp;&nbsp;&nbsp;Kalman_Filter_x
<LI><a href="#[b0]">&gt;&gt;</a>&nbsp;&nbsp;&nbsp;Read_DMP
<LI><a href="#[ee]">&gt;&gt;</a>&nbsp;&nbsp;&nbsp;dmp_set_tap_thresh
<LI><a href="#[103]">&gt;&gt;</a>&nbsp;&nbsp;&nbsp;gyro_self_test
<LI><a href="#[e4]">&gt;&gt;</a>&nbsp;&nbsp;&nbsp;accel_self_test
</UL>

<P><STRONG><a name="[2f]"></a>__aeabi_dadd</STRONG> (Thumb, 328 bytes, Stack size 48 bytes, dadd.o(.text))
<BR><BR>[Stack]<UL><LI>Max Depth = 104<LI>Call Chain = __aeabi_dadd &rArr; _double_epilogue &rArr; _double_round
</UL>
<BR>[Calls]<UL><LI><a href="#[33]">&gt;&gt;</a>&nbsp;&nbsp;&nbsp;_double_round
<LI><a href="#[32]">&gt;&gt;</a>&nbsp;&nbsp;&nbsp;_double_epilogue
<LI><a href="#[31]">&gt;&gt;</a>&nbsp;&nbsp;&nbsp;__aeabi_lasr
<LI><a href="#[30]">&gt;&gt;</a>&nbsp;&nbsp;&nbsp;__aeabi_llsl
</UL>
<BR>[Called By]<UL><LI><a href="#[10]">&gt;&gt;</a>&nbsp;&nbsp;&nbsp;UART1_IRQHandler
<LI><a href="#[125]">&gt;&gt;</a>&nbsp;&nbsp;&nbsp;atan
<LI><a href="#[11e]">&gt;&gt;</a>&nbsp;&nbsp;&nbsp;_fp_digits
<LI><a href="#[e1]">&gt;&gt;</a>&nbsp;&nbsp;&nbsp;pow
<LI><a href="#[34]">&gt;&gt;</a>&nbsp;&nbsp;&nbsp;__aeabi_dsub
<LI><a href="#[35]">&gt;&gt;</a>&nbsp;&nbsp;&nbsp;__aeabi_drsub
<LI><a href="#[d1]">&gt;&gt;</a>&nbsp;&nbsp;&nbsp;asin
<LI><a href="#[116]">&gt;&gt;</a>&nbsp;&nbsp;&nbsp;__kernel_poly
<LI><a href="#[11a]">&gt;&gt;</a>&nbsp;&nbsp;&nbsp;__mathlib_dbl_infnan2
</UL>

<P><STRONG><a name="[34]"></a>__aeabi_dsub</STRONG> (Thumb, 12 bytes, Stack size 8 bytes, dadd.o(.text))
<BR><BR>[Stack]<UL><LI>Max Depth = 112<LI>Call Chain = __aeabi_dsub &rArr; __aeabi_dadd &rArr; _double_epilogue &rArr; _double_round
</UL>
<BR>[Calls]<UL><LI><a href="#[2f]">&gt;&gt;</a>&nbsp;&nbsp;&nbsp;__aeabi_dadd
</UL>
<BR>[Called By]<UL><LI><a href="#[125]">&gt;&gt;</a>&nbsp;&nbsp;&nbsp;atan
<LI><a href="#[e1]">&gt;&gt;</a>&nbsp;&nbsp;&nbsp;pow
<LI><a href="#[b3]">&gt;&gt;</a>&nbsp;&nbsp;&nbsp;atan2
<LI><a href="#[d1]">&gt;&gt;</a>&nbsp;&nbsp;&nbsp;asin
</UL>

<P><STRONG><a name="[35]"></a>__aeabi_drsub</STRONG> (Thumb, 12 bytes, Stack size 8 bytes, dadd.o(.text))
<BR><BR>[Stack]<UL><LI>Max Depth = 112<LI>Call Chain = __aeabi_drsub &rArr; __aeabi_dadd &rArr; _double_epilogue &rArr; _double_round
</UL>
<BR>[Calls]<UL><LI><a href="#[2f]">&gt;&gt;</a>&nbsp;&nbsp;&nbsp;__aeabi_dadd
</UL>
<BR>[Called By]<UL><LI><a href="#[125]">&gt;&gt;</a>&nbsp;&nbsp;&nbsp;atan
<LI><a href="#[e1]">&gt;&gt;</a>&nbsp;&nbsp;&nbsp;pow
<LI><a href="#[b3]">&gt;&gt;</a>&nbsp;&nbsp;&nbsp;atan2
<LI><a href="#[d1]">&gt;&gt;</a>&nbsp;&nbsp;&nbsp;asin
</UL>

<P><STRONG><a name="[36]"></a>__aeabi_dmul</STRONG> (Thumb, 202 bytes, Stack size 72 bytes, dmul.o(.text))
<BR><BR>[Stack]<UL><LI>Max Depth = 128<LI>Call Chain = __aeabi_dmul &rArr; _double_epilogue &rArr; _double_round
</UL>
<BR>[Calls]<UL><LI><a href="#[32]">&gt;&gt;</a>&nbsp;&nbsp;&nbsp;_double_epilogue
</UL>
<BR>[Called By]<UL><LI><a href="#[10]">&gt;&gt;</a>&nbsp;&nbsp;&nbsp;UART1_IRQHandler
<LI><a href="#[b0]">&gt;&gt;</a>&nbsp;&nbsp;&nbsp;Read_DMP
<LI><a href="#[af]">&gt;&gt;</a>&nbsp;&nbsp;&nbsp;Get_Angle
<LI><a href="#[125]">&gt;&gt;</a>&nbsp;&nbsp;&nbsp;atan
<LI><a href="#[11e]">&gt;&gt;</a>&nbsp;&nbsp;&nbsp;_fp_digits
<LI><a href="#[e1]">&gt;&gt;</a>&nbsp;&nbsp;&nbsp;pow
<LI><a href="#[d1]">&gt;&gt;</a>&nbsp;&nbsp;&nbsp;asin
<LI><a href="#[116]">&gt;&gt;</a>&nbsp;&nbsp;&nbsp;__kernel_poly
</UL>

<P><STRONG><a name="[37]"></a>__aeabi_ddiv</STRONG> (Thumb, 234 bytes, Stack size 40 bytes, ddiv.o(.text))
<BR><BR>[Stack]<UL><LI>Max Depth = 48<LI>Call Chain = __aeabi_ddiv &rArr; _double_round
</UL>
<BR>[Calls]<UL><LI><a href="#[33]">&gt;&gt;</a>&nbsp;&nbsp;&nbsp;_double_round
</UL>
<BR>[Called By]<UL><LI><a href="#[af]">&gt;&gt;</a>&nbsp;&nbsp;&nbsp;Get_Angle
<LI><a href="#[125]">&gt;&gt;</a>&nbsp;&nbsp;&nbsp;atan
<LI><a href="#[11e]">&gt;&gt;</a>&nbsp;&nbsp;&nbsp;_fp_digits
<LI><a href="#[e1]">&gt;&gt;</a>&nbsp;&nbsp;&nbsp;pow
<LI><a href="#[b3]">&gt;&gt;</a>&nbsp;&nbsp;&nbsp;atan2
<LI><a href="#[d1]">&gt;&gt;</a>&nbsp;&nbsp;&nbsp;asin
<LI><a href="#[11b]">&gt;&gt;</a>&nbsp;&nbsp;&nbsp;__mathlib_dbl_invalid
<LI><a href="#[117]">&gt;&gt;</a>&nbsp;&nbsp;&nbsp;__mathlib_dbl_divzero
</UL>

<P><STRONG><a name="[b2]"></a>__aeabi_fcmple</STRONG> (Thumb, 28 bytes, Stack size 0 bytes, fcmple.o(.text))
<BR><BR>[Called By]<UL><LI><a href="#[af]">&gt;&gt;</a>&nbsp;&nbsp;&nbsp;Get_Angle
<LI><a href="#[103]">&gt;&gt;</a>&nbsp;&nbsp;&nbsp;gyro_self_test
<LI><a href="#[e4]">&gt;&gt;</a>&nbsp;&nbsp;&nbsp;accel_self_test
</UL>

<P><STRONG><a name="[e7]"></a>__aeabi_fcmplt</STRONG> (Thumb, 28 bytes, Stack size 0 bytes, fcmplt.o(.text))
<BR><BR>[Called By]<UL><LI><a href="#[103]">&gt;&gt;</a>&nbsp;&nbsp;&nbsp;gyro_self_test
<LI><a href="#[e4]">&gt;&gt;</a>&nbsp;&nbsp;&nbsp;accel_self_test
</UL>

<P><STRONG><a name="[e6]"></a>__aeabi_fcmpeq</STRONG> (Thumb, 28 bytes, Stack size 0 bytes, fcmpeq.o(.text))
<BR><BR>[Called By]<UL><LI><a href="#[e4]">&gt;&gt;</a>&nbsp;&nbsp;&nbsp;accel_self_test
</UL>

<P><STRONG><a name="[38]"></a>__aeabi_i2f</STRONG> (Thumb, 22 bytes, Stack size 8 bytes, fflti.o(.text))
<BR><BR>[Stack]<UL><LI>Max Depth = 20<LI>Call Chain = __aeabi_i2f &rArr; _float_epilogue
</UL>
<BR>[Calls]<UL><LI><a href="#[2a]">&gt;&gt;</a>&nbsp;&nbsp;&nbsp;_float_epilogue
</UL>
<BR>[Called By]<UL><LI><a href="#[df]">&gt;&gt;</a>&nbsp;&nbsp;&nbsp;Velocity_B
<LI><a href="#[de]">&gt;&gt;</a>&nbsp;&nbsp;&nbsp;Velocity_A
<LI><a href="#[b5]">&gt;&gt;</a>&nbsp;&nbsp;&nbsp;Kalman_Filter_y
<LI><a href="#[b4]">&gt;&gt;</a>&nbsp;&nbsp;&nbsp;Kalman_Filter_x
<LI><a href="#[b0]">&gt;&gt;</a>&nbsp;&nbsp;&nbsp;Read_DMP
<LI><a href="#[af]">&gt;&gt;</a>&nbsp;&nbsp;&nbsp;Get_Angle
<LI><a href="#[45]">&gt;&gt;</a>&nbsp;&nbsp;&nbsp;CCD_Mode
<LI><a href="#[ac]">&gt;&gt;</a>&nbsp;&nbsp;&nbsp;run_self_test
<LI><a href="#[103]">&gt;&gt;</a>&nbsp;&nbsp;&nbsp;gyro_self_test
<LI><a href="#[e4]">&gt;&gt;</a>&nbsp;&nbsp;&nbsp;accel_self_test
</UL>

<P><STRONG><a name="[39]"></a>__aeabi_ui2f</STRONG> (Thumb, 14 bytes, Stack size 8 bytes, ffltui.o(.text))
<BR><BR>[Stack]<UL><LI>Max Depth = 20<LI>Call Chain = __aeabi_ui2f &rArr; _float_epilogue
</UL>
<BR>[Calls]<UL><LI><a href="#[2a]">&gt;&gt;</a>&nbsp;&nbsp;&nbsp;_float_epilogue
</UL>
<BR>[Called By]<UL><LI><a href="#[ee]">&gt;&gt;</a>&nbsp;&nbsp;&nbsp;dmp_set_tap_thresh
</UL>

<P><STRONG><a name="[3a]"></a>__aeabi_i2d</STRONG> (Thumb, 34 bytes, Stack size 16 bytes, dflti.o(.text))
<BR><BR>[Stack]<UL><LI>Max Depth = 72<LI>Call Chain = __aeabi_i2d &rArr; _double_epilogue &rArr; _double_round
</UL>
<BR>[Calls]<UL><LI><a href="#[32]">&gt;&gt;</a>&nbsp;&nbsp;&nbsp;_double_epilogue
</UL>
<BR>[Called By]<UL><LI><a href="#[10]">&gt;&gt;</a>&nbsp;&nbsp;&nbsp;UART1_IRQHandler
<LI><a href="#[e1]">&gt;&gt;</a>&nbsp;&nbsp;&nbsp;pow
</UL>

<P><STRONG><a name="[c4]"></a>__aeabi_f2iz</STRONG> (Thumb, 50 bytes, Stack size 0 bytes, ffixi.o(.text))
<BR><BR>[Called By]<UL><LI><a href="#[df]">&gt;&gt;</a>&nbsp;&nbsp;&nbsp;Velocity_B
<LI><a href="#[de]">&gt;&gt;</a>&nbsp;&nbsp;&nbsp;Velocity_A
<LI><a href="#[c3]">&gt;&gt;</a>&nbsp;&nbsp;&nbsp;Kinematic_Analysis
<LI><a href="#[ac]">&gt;&gt;</a>&nbsp;&nbsp;&nbsp;run_self_test
<LI><a href="#[ee]">&gt;&gt;</a>&nbsp;&nbsp;&nbsp;dmp_set_tap_thresh
</UL>

<P><STRONG><a name="[46]"></a>__aeabi_f2d</STRONG> (Thumb, 40 bytes, Stack size 0 bytes, f2d.o(.text))
<BR><BR>[Called By]<UL><LI><a href="#[10]">&gt;&gt;</a>&nbsp;&nbsp;&nbsp;UART1_IRQHandler
<LI><a href="#[b0]">&gt;&gt;</a>&nbsp;&nbsp;&nbsp;Read_DMP
<LI><a href="#[af]">&gt;&gt;</a>&nbsp;&nbsp;&nbsp;Get_Angle
<LI><a href="#[45]">&gt;&gt;</a>&nbsp;&nbsp;&nbsp;CCD_Mode
<LI><a href="#[1e]">&gt;&gt;</a>&nbsp;&nbsp;&nbsp;main
</UL>

<P><STRONG><a name="[3b]"></a>__aeabi_d2f</STRONG> (Thumb, 56 bytes, Stack size 8 bytes, d2f.o(.text))
<BR><BR>[Stack]<UL><LI>Max Depth = 8<LI>Call Chain = __aeabi_d2f
</UL>
<BR>[Calls]<UL><LI><a href="#[2b]">&gt;&gt;</a>&nbsp;&nbsp;&nbsp;_float_round
</UL>
<BR>[Called By]<UL><LI><a href="#[10]">&gt;&gt;</a>&nbsp;&nbsp;&nbsp;UART1_IRQHandler
<LI><a href="#[b0]">&gt;&gt;</a>&nbsp;&nbsp;&nbsp;Read_DMP
<LI><a href="#[af]">&gt;&gt;</a>&nbsp;&nbsp;&nbsp;Get_Angle
</UL>

<P><STRONG><a name="[fd]"></a>__aeabi_uidiv</STRONG> (Thumb, 0 bytes, Stack size 16 bytes, uidiv_div0.o(.text))
<BR><BR>[Stack]<UL><LI>Max Depth = 16<LI>Call Chain = __aeabi_uidiv
</UL>
<BR>[Called By]<UL><LI><a href="#[f5]">&gt;&gt;</a>&nbsp;&nbsp;&nbsp;dmp_set_shake_reject_timeout
<LI><a href="#[f4]">&gt;&gt;</a>&nbsp;&nbsp;&nbsp;dmp_set_shake_reject_time
<LI><a href="#[f2]">&gt;&gt;</a>&nbsp;&nbsp;&nbsp;dmp_set_tap_time_multi
<LI><a href="#[f1]">&gt;&gt;</a>&nbsp;&nbsp;&nbsp;dmp_set_tap_time
<LI><a href="#[ab]">&gt;&gt;</a>&nbsp;&nbsp;&nbsp;dmp_set_fifo_rate
<LI><a href="#[f8]">&gt;&gt;</a>&nbsp;&nbsp;&nbsp;mpu_read_fifo_stream
<LI><a href="#[a6]">&gt;&gt;</a>&nbsp;&nbsp;&nbsp;mpu_set_sample_rate
<LI><a href="#[101]">&gt;&gt;</a>&nbsp;&nbsp;&nbsp;get_st_biases
</UL>

<P><STRONG><a name="[3d]"></a>__aeabi_uidivmod</STRONG> (Thumb, 62 bytes, Stack size 16 bytes, uidiv_div0.o(.text), UNUSED)
<BR><BR>[Called By]<UL><LI><a href="#[115]">&gt;&gt;</a>&nbsp;&nbsp;&nbsp;_printf_core
<LI><a href="#[3c]">&gt;&gt;</a>&nbsp;&nbsp;&nbsp;__aeabi_idivmod$div0
</UL>

<P><STRONG><a name="[ff]"></a>__aeabi_idiv</STRONG> (Thumb, 0 bytes, Stack size 16 bytes, idiv_div0.o(.text))
<BR><BR>[Stack]<UL><LI>Max Depth = 16<LI>Call Chain = __aeabi_idiv
</UL>
<BR>[Called By]<UL><LI><a href="#[f3]">&gt;&gt;</a>&nbsp;&nbsp;&nbsp;dmp_set_shake_reject_thresh
</UL>

<P><STRONG><a name="[3c]"></a>__aeabi_idivmod$div0</STRONG> (Thumb, 74 bytes, Stack size 16 bytes, idiv_div0.o(.text), UNUSED)
<BR><BR>[Calls]<UL><LI><a href="#[3d]">&gt;&gt;</a>&nbsp;&nbsp;&nbsp;__aeabi_uidivmod
</UL>

<P><STRONG><a name="[25]"></a>__aeabi_uldivmod</STRONG> (Thumb, 96 bytes, Stack size 48 bytes, uldiv.o(.text))
<BR><BR>[Stack]<UL><LI>Max Depth = 56<LI>Call Chain = __aeabi_uldivmod &rArr; __aeabi_llsr
</UL>
<BR>[Calls]<UL><LI><a href="#[3e]">&gt;&gt;</a>&nbsp;&nbsp;&nbsp;__aeabi_llsr
<LI><a href="#[30]">&gt;&gt;</a>&nbsp;&nbsp;&nbsp;__aeabi_llsl
</UL>
<BR>[Called By]<UL><LI><a href="#[115]">&gt;&gt;</a>&nbsp;&nbsp;&nbsp;_printf_core
<LI><a href="#[11e]">&gt;&gt;</a>&nbsp;&nbsp;&nbsp;_fp_digits
<LI><a href="#[24]">&gt;&gt;</a>&nbsp;&nbsp;&nbsp;__aeabi_ldivmod
</UL>

<P><STRONG><a name="[30]"></a>__aeabi_llsl</STRONG> (Thumb, 32 bytes, Stack size 8 bytes, llshl.o(.text))
<BR><BR>[Stack]<UL><LI>Max Depth = 8<LI>Call Chain = __aeabi_llsl
</UL>
<BR>[Called By]<UL><LI><a href="#[2f]">&gt;&gt;</a>&nbsp;&nbsp;&nbsp;__aeabi_dadd
<LI><a href="#[32]">&gt;&gt;</a>&nbsp;&nbsp;&nbsp;_double_epilogue
<LI><a href="#[40]">&gt;&gt;</a>&nbsp;&nbsp;&nbsp;__aeabi_d2ulz
<LI><a href="#[25]">&gt;&gt;</a>&nbsp;&nbsp;&nbsp;__aeabi_uldivmod
</UL>

<P><STRONG><a name="[132]"></a>_ll_shift_l</STRONG> (Thumb, 0 bytes, Stack size 8 bytes, llshl.o(.text), UNUSED)

<P><STRONG><a name="[31]"></a>__aeabi_lasr</STRONG> (Thumb, 38 bytes, Stack size 8 bytes, llsshr.o(.text))
<BR><BR>[Stack]<UL><LI>Max Depth = 8<LI>Call Chain = __aeabi_lasr
</UL>
<BR>[Called By]<UL><LI><a href="#[2f]">&gt;&gt;</a>&nbsp;&nbsp;&nbsp;__aeabi_dadd
</UL>

<P><STRONG><a name="[133]"></a>_ll_sshift_r</STRONG> (Thumb, 0 bytes, Stack size 8 bytes, llsshr.o(.text), UNUSED)

<P><STRONG><a name="[134]"></a>__I$use$fp</STRONG> (Thumb, 0 bytes, Stack size 0 bytes, iusefp.o(.text), UNUSED)

<P><STRONG><a name="[2b]"></a>_float_round</STRONG> (Thumb, 16 bytes, Stack size 0 bytes, fepilogue.o(.text))
<BR><BR>[Called By]<UL><LI><a href="#[2e]">&gt;&gt;</a>&nbsp;&nbsp;&nbsp;__aeabi_fdiv
<LI><a href="#[3b]">&gt;&gt;</a>&nbsp;&nbsp;&nbsp;__aeabi_d2f
<LI><a href="#[29]">&gt;&gt;</a>&nbsp;&nbsp;&nbsp;__aeabi_fadd
</UL>

<P><STRONG><a name="[2a]"></a>_float_epilogue</STRONG> (Thumb, 114 bytes, Stack size 12 bytes, fepilogue.o(.text))
<BR><BR>[Stack]<UL><LI>Max Depth = 12<LI>Call Chain = _float_epilogue
</UL>
<BR>[Called By]<UL><LI><a href="#[29]">&gt;&gt;</a>&nbsp;&nbsp;&nbsp;__aeabi_fadd
<LI><a href="#[38]">&gt;&gt;</a>&nbsp;&nbsp;&nbsp;__aeabi_i2f
<LI><a href="#[39]">&gt;&gt;</a>&nbsp;&nbsp;&nbsp;__aeabi_ui2f
</UL>

<P><STRONG><a name="[33]"></a>_double_round</STRONG> (Thumb, 26 bytes, Stack size 8 bytes, depilogue.o(.text))
<BR><BR>[Stack]<UL><LI>Max Depth = 8<LI>Call Chain = _double_round
</UL>
<BR>[Called By]<UL><LI><a href="#[2f]">&gt;&gt;</a>&nbsp;&nbsp;&nbsp;__aeabi_dadd
<LI><a href="#[37]">&gt;&gt;</a>&nbsp;&nbsp;&nbsp;__aeabi_ddiv
<LI><a href="#[32]">&gt;&gt;</a>&nbsp;&nbsp;&nbsp;_double_epilogue
<LI><a href="#[42]">&gt;&gt;</a>&nbsp;&nbsp;&nbsp;_dsqrt
</UL>

<P><STRONG><a name="[32]"></a>_double_epilogue</STRONG> (Thumb, 164 bytes, Stack size 48 bytes, depilogue.o(.text))
<BR><BR>[Stack]<UL><LI>Max Depth = 56<LI>Call Chain = _double_epilogue &rArr; _double_round
</UL>
<BR>[Calls]<UL><LI><a href="#[33]">&gt;&gt;</a>&nbsp;&nbsp;&nbsp;_double_round
<LI><a href="#[3e]">&gt;&gt;</a>&nbsp;&nbsp;&nbsp;__aeabi_llsr
<LI><a href="#[3f]">&gt;&gt;</a>&nbsp;&nbsp;&nbsp;__ARM_clz
<LI><a href="#[30]">&gt;&gt;</a>&nbsp;&nbsp;&nbsp;__aeabi_llsl
</UL>
<BR>[Called By]<UL><LI><a href="#[2f]">&gt;&gt;</a>&nbsp;&nbsp;&nbsp;__aeabi_dadd
<LI><a href="#[3a]">&gt;&gt;</a>&nbsp;&nbsp;&nbsp;__aeabi_i2d
<LI><a href="#[36]">&gt;&gt;</a>&nbsp;&nbsp;&nbsp;__aeabi_dmul
</UL>

<P><STRONG><a name="[119]"></a>__ARM_scalbn</STRONG> (Thumb, 44 bytes, Stack size 16 bytes, dscalb.o(.text))
<BR><BR>[Stack]<UL><LI>Max Depth = 16<LI>Call Chain = __ARM_scalbn
</UL>
<BR>[Called By]<UL><LI><a href="#[125]">&gt;&gt;</a>&nbsp;&nbsp;&nbsp;atan
<LI><a href="#[e1]">&gt;&gt;</a>&nbsp;&nbsp;&nbsp;pow
<LI><a href="#[d1]">&gt;&gt;</a>&nbsp;&nbsp;&nbsp;asin
<LI><a href="#[11d]">&gt;&gt;</a>&nbsp;&nbsp;&nbsp;__mathlib_dbl_underflow
<LI><a href="#[11c]">&gt;&gt;</a>&nbsp;&nbsp;&nbsp;__mathlib_dbl_overflow
<LI><a href="#[118]">&gt;&gt;</a>&nbsp;&nbsp;&nbsp;__mathlib_dbl_infnan
</UL>

<P><STRONG><a name="[135]"></a>scalbn</STRONG> (Thumb, 0 bytes, Stack size 16 bytes, dscalb.o(.text), UNUSED)

<P><STRONG><a name="[40]"></a>__aeabi_d2ulz</STRONG> (Thumb, 54 bytes, Stack size 8 bytes, dfixul.o(.text), UNUSED)
<BR><BR>[Calls]<UL><LI><a href="#[3e]">&gt;&gt;</a>&nbsp;&nbsp;&nbsp;__aeabi_llsr
<LI><a href="#[30]">&gt;&gt;</a>&nbsp;&nbsp;&nbsp;__aeabi_llsl
</UL>
<BR>[Called By]<UL><LI><a href="#[11e]">&gt;&gt;</a>&nbsp;&nbsp;&nbsp;_fp_digits
</UL>

<P><STRONG><a name="[126]"></a>__aeabi_cdcmpeq</STRONG> (Thumb, 0 bytes, Stack size 0 bytes, cdcmple.o(.text))
<BR><BR>[Called By]<UL><LI><a href="#[b3]">&gt;&gt;</a>&nbsp;&nbsp;&nbsp;atan2
</UL>

<P><STRONG><a name="[136]"></a>__aeabi_cdcmple</STRONG> (Thumb, 38 bytes, Stack size 0 bytes, cdcmple.o(.text), UNUSED)

<P><STRONG><a name="[11f]"></a>__aeabi_cdrcmple</STRONG> (Thumb, 38 bytes, Stack size 0 bytes, cdrcmple.o(.text))
<BR><BR>[Called By]<UL><LI><a href="#[11e]">&gt;&gt;</a>&nbsp;&nbsp;&nbsp;_fp_digits
<LI><a href="#[e1]">&gt;&gt;</a>&nbsp;&nbsp;&nbsp;pow
</UL>

<P><STRONG><a name="[22]"></a>__scatterload</STRONG> (Thumb, 38 bytes, Stack size 0 bytes, init.o(.text))
<BR><BR>[Calls]<UL><LI><a href="#[41]">&gt;&gt;</a>&nbsp;&nbsp;&nbsp;__main_after_scatterload
</UL>
<BR>[Called By]<UL><LI><a href="#[21]">&gt;&gt;</a>&nbsp;&nbsp;&nbsp;_main_scatterload
</UL>

<P><STRONG><a name="[137]"></a>__scatterload_rt2</STRONG> (Thumb, 0 bytes, Stack size 0 bytes, init.o(.text), UNUSED)

<P><STRONG><a name="[3e]"></a>__aeabi_llsr</STRONG> (Thumb, 34 bytes, Stack size 8 bytes, llushr.o(.text))
<BR><BR>[Stack]<UL><LI>Max Depth = 8<LI>Call Chain = __aeabi_llsr
</UL>
<BR>[Called By]<UL><LI><a href="#[32]">&gt;&gt;</a>&nbsp;&nbsp;&nbsp;_double_epilogue
<LI><a href="#[40]">&gt;&gt;</a>&nbsp;&nbsp;&nbsp;__aeabi_d2ulz
<LI><a href="#[25]">&gt;&gt;</a>&nbsp;&nbsp;&nbsp;__aeabi_uldivmod
<LI><a href="#[42]">&gt;&gt;</a>&nbsp;&nbsp;&nbsp;_dsqrt
</UL>

<P><STRONG><a name="[138]"></a>_ll_ushift_r</STRONG> (Thumb, 0 bytes, Stack size 8 bytes, llushr.o(.text), UNUSED)

<P><STRONG><a name="[42]"></a>_dsqrt</STRONG> (Thumb, 162 bytes, Stack size 32 bytes, dsqrt.o(.text))
<BR><BR>[Stack]<UL><LI>Max Depth = 40<LI>Call Chain = _dsqrt &rArr; _double_round
</UL>
<BR>[Calls]<UL><LI><a href="#[33]">&gt;&gt;</a>&nbsp;&nbsp;&nbsp;_double_round
<LI><a href="#[3e]">&gt;&gt;</a>&nbsp;&nbsp;&nbsp;__aeabi_llsr
</UL>
<BR>[Called By]<UL><LI><a href="#[124]">&gt;&gt;</a>&nbsp;&nbsp;&nbsp;sqrt
</UL>

<P><STRONG><a name="[a]"></a>ADC0_IRQHandler</STRONG> (Thumb, 56 bytes, Stack size 16 bytes, empty.o(.text.ADC0_IRQHandler))
<BR><BR>[Stack]<UL><LI>Max Depth = 56<LI>Call Chain = ADC0_IRQHandler &rArr; DL_ADC12_getPendingInterrupt &rArr; __stack_chk_fail &rArr; printf
</UL>
<BR>[Calls]<UL><LI><a href="#[44]">&gt;&gt;</a>&nbsp;&nbsp;&nbsp;__stack_chk_fail
<LI><a href="#[43]">&gt;&gt;</a>&nbsp;&nbsp;&nbsp;DL_ADC12_getPendingInterrupt
</UL>
<BR>[Address Reference Count : 1]<UL><LI> startup_mspm0g350x_uvision.o(RESET)
</UL>
<P><STRONG><a name="[45]"></a>CCD_Mode</STRONG> (Thumb, 148 bytes, Stack size 56 bytes, empty.o(.text.CCD_Mode))
<BR><BR>[Stack]<UL><LI>Max Depth = 92<LI>Call Chain = CCD_Mode &rArr; __aeabi_fadd &rArr; _float_epilogue
</UL>
<BR>[Calls]<UL><LI><a href="#[29]">&gt;&gt;</a>&nbsp;&nbsp;&nbsp;__aeabi_fadd
<LI><a href="#[48]">&gt;&gt;</a>&nbsp;&nbsp;&nbsp;__aeabi_fmul
<LI><a href="#[2c]">&gt;&gt;</a>&nbsp;&nbsp;&nbsp;__aeabi_fsub
<LI><a href="#[38]">&gt;&gt;</a>&nbsp;&nbsp;&nbsp;__aeabi_i2f
<LI><a href="#[46]">&gt;&gt;</a>&nbsp;&nbsp;&nbsp;__aeabi_f2d
<LI><a href="#[44]">&gt;&gt;</a>&nbsp;&nbsp;&nbsp;__stack_chk_fail
<LI><a href="#[47]">&gt;&gt;</a>&nbsp;&nbsp;&nbsp;printf
</UL>
<BR>[Called By]<UL><LI><a href="#[1e]">&gt;&gt;</a>&nbsp;&nbsp;&nbsp;main
</UL>

<P><STRONG><a name="[49]"></a>Complementary_Filter_x</STRONG> (Thumb, 120 bytes, Stack size 56 bytes, filter.o(.text.Complementary_Filter_x))
<BR><BR>[Stack]<UL><LI>Max Depth = 92<LI>Call Chain = Complementary_Filter_x &rArr; __aeabi_fadd &rArr; _float_epilogue
</UL>
<BR>[Calls]<UL><LI><a href="#[29]">&gt;&gt;</a>&nbsp;&nbsp;&nbsp;__aeabi_fadd
<LI><a href="#[48]">&gt;&gt;</a>&nbsp;&nbsp;&nbsp;__aeabi_fmul
<LI><a href="#[2c]">&gt;&gt;</a>&nbsp;&nbsp;&nbsp;__aeabi_fsub
<LI><a href="#[44]">&gt;&gt;</a>&nbsp;&nbsp;&nbsp;__stack_chk_fail
</UL>
<BR>[Called By]<UL><LI><a href="#[af]">&gt;&gt;</a>&nbsp;&nbsp;&nbsp;Get_Angle
</UL>

<P><STRONG><a name="[4a]"></a>Complementary_Filter_y</STRONG> (Thumb, 120 bytes, Stack size 56 bytes, filter.o(.text.Complementary_Filter_y))
<BR><BR>[Stack]<UL><LI>Max Depth = 92<LI>Call Chain = Complementary_Filter_y &rArr; __aeabi_fadd &rArr; _float_epilogue
</UL>
<BR>[Calls]<UL><LI><a href="#[29]">&gt;&gt;</a>&nbsp;&nbsp;&nbsp;__aeabi_fadd
<LI><a href="#[48]">&gt;&gt;</a>&nbsp;&nbsp;&nbsp;__aeabi_fmul
<LI><a href="#[2c]">&gt;&gt;</a>&nbsp;&nbsp;&nbsp;__aeabi_fsub
<LI><a href="#[44]">&gt;&gt;</a>&nbsp;&nbsp;&nbsp;__stack_chk_fail
</UL>
<BR>[Called By]<UL><LI><a href="#[af]">&gt;&gt;</a>&nbsp;&nbsp;&nbsp;Get_Angle
</UL>

<P><STRONG><a name="[54]"></a>DL_ADC12_setClockConfig</STRONG> (Thumb, 88 bytes, Stack size 24 bytes, dl_adc12.o(.text.DL_ADC12_setClockConfig))
<BR><BR>[Stack]<UL><LI>Max Depth = 80<LI>Call Chain = DL_ADC12_setClockConfig &rArr; DL_Common_updateReg &rArr; __stack_chk_fail &rArr; printf
</UL>
<BR>[Calls]<UL><LI><a href="#[44]">&gt;&gt;</a>&nbsp;&nbsp;&nbsp;__stack_chk_fail
<LI><a href="#[55]">&gt;&gt;</a>&nbsp;&nbsp;&nbsp;DL_Common_updateReg
</UL>
<BR>[Called By]<UL><LI><a href="#[d2]">&gt;&gt;</a>&nbsp;&nbsp;&nbsp;SYSCFG_DL_ADC_VOLTAGE_init
</UL>

<P><STRONG><a name="[58]"></a>DL_Common_delayCycles</STRONG> (Thumb, 44 bytes, Stack size 24 bytes, dl_common.o(.text.DL_Common_delayCycles))
<BR><BR>[Stack]<UL><LI>Max Depth = 48<LI>Call Chain = DL_Common_delayCycles &rArr; __stack_chk_fail &rArr; printf
</UL>
<BR>[Calls]<UL><LI><a href="#[44]">&gt;&gt;</a>&nbsp;&nbsp;&nbsp;__stack_chk_fail
</UL>
<BR>[Called By]<UL><LI><a href="#[dc]">&gt;&gt;</a>&nbsp;&nbsp;&nbsp;SYSCFG_DL_initPower
</UL>

<P><STRONG><a name="[80]"></a>DL_TimerA_initPWMMode</STRONG> (Thumb, 256 bytes, Stack size 64 bytes, dl_timer.o(.text.DL_TimerA_initPWMMode))
<BR><BR>[Stack]<UL><LI>Max Depth = 208<LI>Call Chain = DL_TimerA_initPWMMode &rArr; DL_Timer_initPWMMode &rArr; DL_Timer_setCaptureCompareAction &rArr; DL_Common_updateReg &rArr; __stack_chk_fail &rArr; printf
</UL>
<BR>[Calls]<UL><LI><a href="#[83]">&gt;&gt;</a>&nbsp;&nbsp;&nbsp;DL_Timer_setCaptureCompareOutCtl
<LI><a href="#[44]">&gt;&gt;</a>&nbsp;&nbsp;&nbsp;__stack_chk_fail
<LI><a href="#[81]">&gt;&gt;</a>&nbsp;&nbsp;&nbsp;DL_Timer_setCaptureCompareAction
<LI><a href="#[85]">&gt;&gt;</a>&nbsp;&nbsp;&nbsp;DL_Timer_initPWMMode
<LI><a href="#[84]">&gt;&gt;</a>&nbsp;&nbsp;&nbsp;DL_Timer_setCaptureCompareInput
<LI><a href="#[82]">&gt;&gt;</a>&nbsp;&nbsp;&nbsp;DL_Timer_setCaptureCompareCtl
</UL>
<BR>[Called By]<UL><LI><a href="#[d4]">&gt;&gt;</a>&nbsp;&nbsp;&nbsp;SYSCFG_DL_PWM_0_init
</UL>

<P><STRONG><a name="[85]"></a>DL_Timer_initPWMMode</STRONG> (Thumb, 284 bytes, Stack size 56 bytes, dl_timer.o(.text.DL_Timer_initPWMMode))
<BR><BR>[Stack]<UL><LI>Max Depth = 144<LI>Call Chain = DL_Timer_initPWMMode &rArr; DL_Timer_setCaptureCompareAction &rArr; DL_Common_updateReg &rArr; __stack_chk_fail &rArr; printf
</UL>
<BR>[Calls]<UL><LI><a href="#[5a]">&gt;&gt;</a>&nbsp;&nbsp;&nbsp;DL_Common_updateReg
<LI><a href="#[8b]">&gt;&gt;</a>&nbsp;&nbsp;&nbsp;DL_Timer_setCounterValueAfterEnable
<LI><a href="#[8a]">&gt;&gt;</a>&nbsp;&nbsp;&nbsp;DL_Timer_setLoadValue
<LI><a href="#[83]">&gt;&gt;</a>&nbsp;&nbsp;&nbsp;DL_Timer_setCaptureCompareOutCtl
<LI><a href="#[44]">&gt;&gt;</a>&nbsp;&nbsp;&nbsp;__stack_chk_fail
<LI><a href="#[81]">&gt;&gt;</a>&nbsp;&nbsp;&nbsp;DL_Timer_setCaptureCompareAction
<LI><a href="#[84]">&gt;&gt;</a>&nbsp;&nbsp;&nbsp;DL_Timer_setCaptureCompareInput
<LI><a href="#[82]">&gt;&gt;</a>&nbsp;&nbsp;&nbsp;DL_Timer_setCaptureCompareCtl
</UL>
<BR>[Called By]<UL><LI><a href="#[80]">&gt;&gt;</a>&nbsp;&nbsp;&nbsp;DL_TimerA_initPWMMode
</UL>

<P><STRONG><a name="[8c]"></a>DL_Timer_initTimerMode</STRONG> (Thumb, 272 bytes, Stack size 32 bytes, dl_timer.o(.text.DL_Timer_initTimerMode))
<BR><BR>[Stack]<UL><LI>Max Depth = 120<LI>Call Chain = DL_Timer_initTimerMode &rArr; DL_Timer_setCaptureCompareCtl &rArr; DL_Common_updateReg &rArr; __stack_chk_fail &rArr; printf
</UL>
<BR>[Calls]<UL><LI><a href="#[8b]">&gt;&gt;</a>&nbsp;&nbsp;&nbsp;DL_Timer_setCounterValueAfterEnable
<LI><a href="#[8a]">&gt;&gt;</a>&nbsp;&nbsp;&nbsp;DL_Timer_setLoadValue
<LI><a href="#[8d]">&gt;&gt;</a>&nbsp;&nbsp;&nbsp;DL_Timer_setCaptureCompareValue
<LI><a href="#[44]">&gt;&gt;</a>&nbsp;&nbsp;&nbsp;__stack_chk_fail
<LI><a href="#[82]">&gt;&gt;</a>&nbsp;&nbsp;&nbsp;DL_Timer_setCaptureCompareCtl
</UL>
<BR>[Called By]<UL><LI><a href="#[d8]">&gt;&gt;</a>&nbsp;&nbsp;&nbsp;SYSCFG_DL_TIMER_0_init
</UL>

<P><STRONG><a name="[90]"></a>DL_Timer_setCaptCompUpdateMethod</STRONG> (Thumb, 68 bytes, Stack size 32 bytes, dl_timer.o(.text.DL_Timer_setCaptCompUpdateMethod))
<BR><BR>[Stack]<UL><LI>Max Depth = 88<LI>Call Chain = DL_Timer_setCaptCompUpdateMethod &rArr; DL_Common_updateReg &rArr; __stack_chk_fail &rArr; printf
</UL>
<BR>[Calls]<UL><LI><a href="#[5a]">&gt;&gt;</a>&nbsp;&nbsp;&nbsp;DL_Common_updateReg
<LI><a href="#[44]">&gt;&gt;</a>&nbsp;&nbsp;&nbsp;__stack_chk_fail
</UL>
<BR>[Called By]<UL><LI><a href="#[d4]">&gt;&gt;</a>&nbsp;&nbsp;&nbsp;SYSCFG_DL_PWM_0_init
</UL>

<P><STRONG><a name="[81]"></a>DL_Timer_setCaptureCompareAction</STRONG> (Thumb, 68 bytes, Stack size 32 bytes, dl_timer.o(.text.DL_Timer_setCaptureCompareAction))
<BR><BR>[Stack]<UL><LI>Max Depth = 88<LI>Call Chain = DL_Timer_setCaptureCompareAction &rArr; DL_Common_updateReg &rArr; __stack_chk_fail &rArr; printf
</UL>
<BR>[Calls]<UL><LI><a href="#[5a]">&gt;&gt;</a>&nbsp;&nbsp;&nbsp;DL_Common_updateReg
<LI><a href="#[44]">&gt;&gt;</a>&nbsp;&nbsp;&nbsp;__stack_chk_fail
</UL>
<BR>[Called By]<UL><LI><a href="#[80]">&gt;&gt;</a>&nbsp;&nbsp;&nbsp;DL_TimerA_initPWMMode
<LI><a href="#[85]">&gt;&gt;</a>&nbsp;&nbsp;&nbsp;DL_Timer_initPWMMode
</UL>

<P><STRONG><a name="[82]"></a>DL_Timer_setCaptureCompareCtl</STRONG> (Thumb, 72 bytes, Stack size 32 bytes, dl_timer.o(.text.DL_Timer_setCaptureCompareCtl))
<BR><BR>[Stack]<UL><LI>Max Depth = 88<LI>Call Chain = DL_Timer_setCaptureCompareCtl &rArr; DL_Common_updateReg &rArr; __stack_chk_fail &rArr; printf
</UL>
<BR>[Calls]<UL><LI><a href="#[5a]">&gt;&gt;</a>&nbsp;&nbsp;&nbsp;DL_Common_updateReg
<LI><a href="#[44]">&gt;&gt;</a>&nbsp;&nbsp;&nbsp;__stack_chk_fail
</UL>
<BR>[Called By]<UL><LI><a href="#[8c]">&gt;&gt;</a>&nbsp;&nbsp;&nbsp;DL_Timer_initTimerMode
<LI><a href="#[80]">&gt;&gt;</a>&nbsp;&nbsp;&nbsp;DL_TimerA_initPWMMode
<LI><a href="#[85]">&gt;&gt;</a>&nbsp;&nbsp;&nbsp;DL_Timer_initPWMMode
</UL>

<P><STRONG><a name="[84]"></a>DL_Timer_setCaptureCompareInput</STRONG> (Thumb, 76 bytes, Stack size 32 bytes, dl_timer.o(.text.DL_Timer_setCaptureCompareInput))
<BR><BR>[Stack]<UL><LI>Max Depth = 88<LI>Call Chain = DL_Timer_setCaptureCompareInput &rArr; DL_Common_updateReg &rArr; __stack_chk_fail &rArr; printf
</UL>
<BR>[Calls]<UL><LI><a href="#[5a]">&gt;&gt;</a>&nbsp;&nbsp;&nbsp;DL_Common_updateReg
<LI><a href="#[44]">&gt;&gt;</a>&nbsp;&nbsp;&nbsp;__stack_chk_fail
</UL>
<BR>[Called By]<UL><LI><a href="#[80]">&gt;&gt;</a>&nbsp;&nbsp;&nbsp;DL_TimerA_initPWMMode
<LI><a href="#[85]">&gt;&gt;</a>&nbsp;&nbsp;&nbsp;DL_Timer_initPWMMode
</UL>

<P><STRONG><a name="[83]"></a>DL_Timer_setCaptureCompareOutCtl</STRONG> (Thumb, 84 bytes, Stack size 48 bytes, dl_timer.o(.text.DL_Timer_setCaptureCompareOutCtl))
<BR><BR>[Stack]<UL><LI>Max Depth = 72<LI>Call Chain = DL_Timer_setCaptureCompareOutCtl &rArr; __stack_chk_fail &rArr; printf
</UL>
<BR>[Calls]<UL><LI><a href="#[44]">&gt;&gt;</a>&nbsp;&nbsp;&nbsp;__stack_chk_fail
</UL>
<BR>[Called By]<UL><LI><a href="#[80]">&gt;&gt;</a>&nbsp;&nbsp;&nbsp;DL_TimerA_initPWMMode
<LI><a href="#[d4]">&gt;&gt;</a>&nbsp;&nbsp;&nbsp;SYSCFG_DL_PWM_0_init
<LI><a href="#[85]">&gt;&gt;</a>&nbsp;&nbsp;&nbsp;DL_Timer_initPWMMode
</UL>

<P><STRONG><a name="[8d]"></a>DL_Timer_setCaptureCompareValue</STRONG> (Thumb, 64 bytes, Stack size 32 bytes, dl_timer.o(.text.DL_Timer_setCaptureCompareValue))
<BR><BR>[Stack]<UL><LI>Max Depth = 56<LI>Call Chain = DL_Timer_setCaptureCompareValue &rArr; __stack_chk_fail &rArr; printf
</UL>
<BR>[Calls]<UL><LI><a href="#[44]">&gt;&gt;</a>&nbsp;&nbsp;&nbsp;__stack_chk_fail
</UL>
<BR>[Called By]<UL><LI><a href="#[8c]">&gt;&gt;</a>&nbsp;&nbsp;&nbsp;DL_Timer_initTimerMode
<LI><a href="#[d4]">&gt;&gt;</a>&nbsp;&nbsp;&nbsp;SYSCFG_DL_PWM_0_init
<LI><a href="#[dd]">&gt;&gt;</a>&nbsp;&nbsp;&nbsp;Set_PWM
</UL>

<P><STRONG><a name="[91]"></a>DL_Timer_setClockConfig</STRONG> (Thumb, 68 bytes, Stack size 24 bytes, dl_timer.o(.text.DL_Timer_setClockConfig))
<BR><BR>[Stack]<UL><LI>Max Depth = 48<LI>Call Chain = DL_Timer_setClockConfig &rArr; __stack_chk_fail &rArr; printf
</UL>
<BR>[Calls]<UL><LI><a href="#[44]">&gt;&gt;</a>&nbsp;&nbsp;&nbsp;__stack_chk_fail
</UL>
<BR>[Called By]<UL><LI><a href="#[d8]">&gt;&gt;</a>&nbsp;&nbsp;&nbsp;SYSCFG_DL_TIMER_0_init
<LI><a href="#[d4]">&gt;&gt;</a>&nbsp;&nbsp;&nbsp;SYSCFG_DL_PWM_0_init
</UL>

<P><STRONG><a name="[98]"></a>DL_UART_init</STRONG> (Thumb, 92 bytes, Stack size 24 bytes, dl_uart.o(.text.DL_UART_init))
<BR><BR>[Stack]<UL><LI>Max Depth = 80<LI>Call Chain = DL_UART_init &rArr; DL_Common_updateReg &rArr; __stack_chk_fail &rArr; printf
</UL>
<BR>[Calls]<UL><LI><a href="#[59]">&gt;&gt;</a>&nbsp;&nbsp;&nbsp;DL_Common_updateReg
<LI><a href="#[93]">&gt;&gt;</a>&nbsp;&nbsp;&nbsp;DL_UART_disable
<LI><a href="#[44]">&gt;&gt;</a>&nbsp;&nbsp;&nbsp;__stack_chk_fail
</UL>
<BR>[Called By]<UL><LI><a href="#[da]">&gt;&gt;</a>&nbsp;&nbsp;&nbsp;SYSCFG_DL_UART_1_init
<LI><a href="#[d9]">&gt;&gt;</a>&nbsp;&nbsp;&nbsp;SYSCFG_DL_UART_0_init
</UL>

<P><STRONG><a name="[9d]"></a>DL_UART_setClockConfig</STRONG> (Thumb, 56 bytes, Stack size 24 bytes, dl_uart.o(.text.DL_UART_setClockConfig))
<BR><BR>[Stack]<UL><LI>Max Depth = 48<LI>Call Chain = DL_UART_setClockConfig &rArr; __stack_chk_fail &rArr; printf
</UL>
<BR>[Calls]<UL><LI><a href="#[44]">&gt;&gt;</a>&nbsp;&nbsp;&nbsp;__stack_chk_fail
</UL>
<BR>[Called By]<UL><LI><a href="#[da]">&gt;&gt;</a>&nbsp;&nbsp;&nbsp;SYSCFG_DL_UART_1_init
<LI><a href="#[d9]">&gt;&gt;</a>&nbsp;&nbsp;&nbsp;SYSCFG_DL_UART_0_init
</UL>

<P><STRONG><a name="[a0]"></a>DMP_Init</STRONG> (Thumb, 248 bytes, Stack size 24 bytes, mpu6050.o(.text.DMP_Init))
<BR><BR>[Stack]<UL><LI>Max Depth = 528<LI>Call Chain = DMP_Init &rArr; run_self_test &rArr; mpu_run_self_test &rArr; mpu_set_dmp_state &rArr; mpu_set_sample_rate &rArr; mpu_lp_accel_mode &rArr; mpu_configure_fifo &rArr; set_int_enable &rArr; i2cWrite &rArr; IIC_Wait_Ack &rArr; IIC_Stop &rArr; delay_us &rArr; __stack_chk_fail &rArr; printf
</UL>
<BR>[Calls]<UL><LI><a href="#[44]">&gt;&gt;</a>&nbsp;&nbsp;&nbsp;__stack_chk_fail
<LI><a href="#[47]">&gt;&gt;</a>&nbsp;&nbsp;&nbsp;printf
<LI><a href="#[ac]">&gt;&gt;</a>&nbsp;&nbsp;&nbsp;run_self_test
<LI><a href="#[a8]">&gt;&gt;</a>&nbsp;&nbsp;&nbsp;inv_orientation_matrix_to_scalar
<LI><a href="#[a2]">&gt;&gt;</a>&nbsp;&nbsp;&nbsp;__NVIC_SystemReset
<LI><a href="#[aa]">&gt;&gt;</a>&nbsp;&nbsp;&nbsp;dmp_enable_feature
<LI><a href="#[ab]">&gt;&gt;</a>&nbsp;&nbsp;&nbsp;dmp_set_fifo_rate
<LI><a href="#[a9]">&gt;&gt;</a>&nbsp;&nbsp;&nbsp;dmp_set_orientation
<LI><a href="#[a7]">&gt;&gt;</a>&nbsp;&nbsp;&nbsp;dmp_load_motion_driver_firmware
<LI><a href="#[ad]">&gt;&gt;</a>&nbsp;&nbsp;&nbsp;mpu_set_dmp_state
<LI><a href="#[a4]">&gt;&gt;</a>&nbsp;&nbsp;&nbsp;mpu_set_sensors
<LI><a href="#[a5]">&gt;&gt;</a>&nbsp;&nbsp;&nbsp;mpu_configure_fifo
<LI><a href="#[a6]">&gt;&gt;</a>&nbsp;&nbsp;&nbsp;mpu_set_sample_rate
<LI><a href="#[a3]">&gt;&gt;</a>&nbsp;&nbsp;&nbsp;mpu_init
<LI><a href="#[a1]">&gt;&gt;</a>&nbsp;&nbsp;&nbsp;i2cRead
</UL>
<BR>[Called By]<UL><LI><a href="#[1e]">&gt;&gt;</a>&nbsp;&nbsp;&nbsp;main
</UL>

<P><STRONG><a name="[ae]"></a>Find_CCD_Median</STRONG> (Thumb, 556 bytes, Stack size 16 bytes, ccd.o(.text.Find_CCD_Median))
<BR><BR>[Stack]<UL><LI>Max Depth = 40<LI>Call Chain = Find_CCD_Median &rArr; __stack_chk_fail &rArr; printf
</UL>
<BR>[Calls]<UL><LI><a href="#[44]">&gt;&gt;</a>&nbsp;&nbsp;&nbsp;__stack_chk_fail
</UL>
<BR>[Called By]<UL><LI><a href="#[1e]">&gt;&gt;</a>&nbsp;&nbsp;&nbsp;main
</UL>

<P><STRONG><a name="[7]"></a>GROUP1_IRQHandler</STRONG> (Thumb, 260 bytes, Stack size 16 bytes, encoder.o(.text.GROUP1_IRQHandler))
<BR><BR>[Stack]<UL><LI>Max Depth = 64<LI>Call Chain = GROUP1_IRQHandler &rArr; DL_GPIO_clearInterruptStatus &rArr; __stack_chk_fail &rArr; printf
</UL>
<BR>[Calls]<UL><LI><a href="#[44]">&gt;&gt;</a>&nbsp;&nbsp;&nbsp;__stack_chk_fail
<LI><a href="#[5c]">&gt;&gt;</a>&nbsp;&nbsp;&nbsp;DL_GPIO_clearInterruptStatus
<LI><a href="#[6f]">&gt;&gt;</a>&nbsp;&nbsp;&nbsp;DL_GPIO_readPins
<LI><a href="#[66]">&gt;&gt;</a>&nbsp;&nbsp;&nbsp;DL_GPIO_getEnabledInterruptStatus
</UL>
<BR>[Address Reference Count : 1]<UL><LI> startup_mspm0g350x_uvision.o(RESET)
</UL>
<P><STRONG><a name="[af]"></a>Get_Angle</STRONG> (Thumb, 840 bytes, Stack size 168 bytes, empty.o(.text.Get_Angle))
<BR><BR>[Stack]<UL><LI>Max Depth = 672<LI>Call Chain = Get_Angle &rArr; Read_DMP &rArr; dmp_read_fifo &rArr; mpu_read_fifo_stream &rArr; mpu_reset_fifo &rArr; i2cWrite &rArr; IIC_Wait_Ack &rArr; IIC_Stop &rArr; delay_us &rArr; __stack_chk_fail &rArr; printf
</UL>
<BR>[Calls]<UL><LI><a href="#[4a]">&gt;&gt;</a>&nbsp;&nbsp;&nbsp;Complementary_Filter_y
<LI><a href="#[49]">&gt;&gt;</a>&nbsp;&nbsp;&nbsp;Complementary_Filter_x
<LI><a href="#[b5]">&gt;&gt;</a>&nbsp;&nbsp;&nbsp;Kalman_Filter_y
<LI><a href="#[b4]">&gt;&gt;</a>&nbsp;&nbsp;&nbsp;Kalman_Filter_x
<LI><a href="#[3b]">&gt;&gt;</a>&nbsp;&nbsp;&nbsp;__aeabi_d2f
<LI><a href="#[37]">&gt;&gt;</a>&nbsp;&nbsp;&nbsp;__aeabi_ddiv
<LI><a href="#[36]">&gt;&gt;</a>&nbsp;&nbsp;&nbsp;__aeabi_dmul
<LI><a href="#[b2]">&gt;&gt;</a>&nbsp;&nbsp;&nbsp;__aeabi_fcmple
<LI><a href="#[b1]">&gt;&gt;</a>&nbsp;&nbsp;&nbsp;I2C_ReadOneByte
<LI><a href="#[b0]">&gt;&gt;</a>&nbsp;&nbsp;&nbsp;Read_DMP
<LI><a href="#[29]">&gt;&gt;</a>&nbsp;&nbsp;&nbsp;__aeabi_fadd
<LI><a href="#[38]">&gt;&gt;</a>&nbsp;&nbsp;&nbsp;__aeabi_i2f
<LI><a href="#[46]">&gt;&gt;</a>&nbsp;&nbsp;&nbsp;__aeabi_f2d
<LI><a href="#[44]">&gt;&gt;</a>&nbsp;&nbsp;&nbsp;__stack_chk_fail
<LI><a href="#[b3]">&gt;&gt;</a>&nbsp;&nbsp;&nbsp;atan2
</UL>
<BR>[Called By]<UL><LI><a href="#[1e]">&gt;&gt;</a>&nbsp;&nbsp;&nbsp;main
</UL>

<P><STRONG><a name="[b1]"></a>I2C_ReadOneByte</STRONG> (Thumb, 148 bytes, Stack size 48 bytes, ioi2c.o(.text.I2C_ReadOneByte))
<BR><BR>[Stack]<UL><LI>Max Depth = 176<LI>Call Chain = I2C_ReadOneByte &rArr; IIC_Read_Byte &rArr; IIC_NAck &rArr; delay_us &rArr; __stack_chk_fail &rArr; printf
</UL>
<BR>[Calls]<UL><LI><a href="#[44]">&gt;&gt;</a>&nbsp;&nbsp;&nbsp;__stack_chk_fail
<LI><a href="#[b9]">&gt;&gt;</a>&nbsp;&nbsp;&nbsp;IIC_Read_Byte
<LI><a href="#[b7]">&gt;&gt;</a>&nbsp;&nbsp;&nbsp;IIC_Send_Byte
<LI><a href="#[b8]">&gt;&gt;</a>&nbsp;&nbsp;&nbsp;IIC_Wait_Ack
<LI><a href="#[ba]">&gt;&gt;</a>&nbsp;&nbsp;&nbsp;IIC_Stop
<LI><a href="#[b6]">&gt;&gt;</a>&nbsp;&nbsp;&nbsp;IIC_Start
</UL>
<BR>[Called By]<UL><LI><a href="#[af]">&gt;&gt;</a>&nbsp;&nbsp;&nbsp;Get_Angle
<LI><a href="#[be]">&gt;&gt;</a>&nbsp;&nbsp;&nbsp;IICreadByte
</UL>

<P><STRONG><a name="[bb]"></a>IIC_Ack</STRONG> (Thumb, 112 bytes, Stack size 32 bytes, ioi2c.o(.text.IIC_Ack))
<BR><BR>[Stack]<UL><LI>Max Depth = 88<LI>Call Chain = IIC_Ack &rArr; delay_us &rArr; __stack_chk_fail &rArr; printf
</UL>
<BR>[Calls]<UL><LI><a href="#[bc]">&gt;&gt;</a>&nbsp;&nbsp;&nbsp;delay_us
<LI><a href="#[44]">&gt;&gt;</a>&nbsp;&nbsp;&nbsp;__stack_chk_fail
<LI><a href="#[61]">&gt;&gt;</a>&nbsp;&nbsp;&nbsp;DL_GPIO_clearPins
<LI><a href="#[64]">&gt;&gt;</a>&nbsp;&nbsp;&nbsp;DL_GPIO_enableOutput
<LI><a href="#[77]">&gt;&gt;</a>&nbsp;&nbsp;&nbsp;DL_GPIO_setPins
<LI><a href="#[6a]">&gt;&gt;</a>&nbsp;&nbsp;&nbsp;DL_GPIO_initDigitalOutput
</UL>
<BR>[Called By]<UL><LI><a href="#[b9]">&gt;&gt;</a>&nbsp;&nbsp;&nbsp;IIC_Read_Byte
</UL>

<P><STRONG><a name="[bd]"></a>IIC_NAck</STRONG> (Thumb, 112 bytes, Stack size 32 bytes, ioi2c.o(.text.IIC_NAck))
<BR><BR>[Stack]<UL><LI>Max Depth = 88<LI>Call Chain = IIC_NAck &rArr; delay_us &rArr; __stack_chk_fail &rArr; printf
</UL>
<BR>[Calls]<UL><LI><a href="#[bc]">&gt;&gt;</a>&nbsp;&nbsp;&nbsp;delay_us
<LI><a href="#[44]">&gt;&gt;</a>&nbsp;&nbsp;&nbsp;__stack_chk_fail
<LI><a href="#[61]">&gt;&gt;</a>&nbsp;&nbsp;&nbsp;DL_GPIO_clearPins
<LI><a href="#[64]">&gt;&gt;</a>&nbsp;&nbsp;&nbsp;DL_GPIO_enableOutput
<LI><a href="#[77]">&gt;&gt;</a>&nbsp;&nbsp;&nbsp;DL_GPIO_setPins
<LI><a href="#[6a]">&gt;&gt;</a>&nbsp;&nbsp;&nbsp;DL_GPIO_initDigitalOutput
</UL>
<BR>[Called By]<UL><LI><a href="#[b9]">&gt;&gt;</a>&nbsp;&nbsp;&nbsp;IIC_Read_Byte
</UL>

<P><STRONG><a name="[b9]"></a>IIC_Read_Byte</STRONG> (Thumb, 192 bytes, Stack size 40 bytes, ioi2c.o(.text.IIC_Read_Byte))
<BR><BR>[Stack]<UL><LI>Max Depth = 128<LI>Call Chain = IIC_Read_Byte &rArr; IIC_NAck &rArr; delay_us &rArr; __stack_chk_fail &rArr; printf
</UL>
<BR>[Calls]<UL><LI><a href="#[bc]">&gt;&gt;</a>&nbsp;&nbsp;&nbsp;delay_us
<LI><a href="#[44]">&gt;&gt;</a>&nbsp;&nbsp;&nbsp;__stack_chk_fail
<LI><a href="#[bd]">&gt;&gt;</a>&nbsp;&nbsp;&nbsp;IIC_NAck
<LI><a href="#[bb]">&gt;&gt;</a>&nbsp;&nbsp;&nbsp;IIC_Ack
<LI><a href="#[70]">&gt;&gt;</a>&nbsp;&nbsp;&nbsp;DL_GPIO_readPins
<LI><a href="#[68]">&gt;&gt;</a>&nbsp;&nbsp;&nbsp;DL_GPIO_initDigitalInput
<LI><a href="#[61]">&gt;&gt;</a>&nbsp;&nbsp;&nbsp;DL_GPIO_clearPins
<LI><a href="#[77]">&gt;&gt;</a>&nbsp;&nbsp;&nbsp;DL_GPIO_setPins
</UL>
<BR>[Called By]<UL><LI><a href="#[b1]">&gt;&gt;</a>&nbsp;&nbsp;&nbsp;I2C_ReadOneByte
<LI><a href="#[a1]">&gt;&gt;</a>&nbsp;&nbsp;&nbsp;i2cRead
</UL>

<P><STRONG><a name="[b7]"></a>IIC_Send_Byte</STRONG> (Thumb, 180 bytes, Stack size 48 bytes, ioi2c.o(.text.IIC_Send_Byte))
<BR><BR>[Stack]<UL><LI>Max Depth = 104<LI>Call Chain = IIC_Send_Byte &rArr; delay_us &rArr; __stack_chk_fail &rArr; printf
</UL>
<BR>[Calls]<UL><LI><a href="#[bc]">&gt;&gt;</a>&nbsp;&nbsp;&nbsp;delay_us
<LI><a href="#[44]">&gt;&gt;</a>&nbsp;&nbsp;&nbsp;__stack_chk_fail
<LI><a href="#[61]">&gt;&gt;</a>&nbsp;&nbsp;&nbsp;DL_GPIO_clearPins
<LI><a href="#[64]">&gt;&gt;</a>&nbsp;&nbsp;&nbsp;DL_GPIO_enableOutput
<LI><a href="#[77]">&gt;&gt;</a>&nbsp;&nbsp;&nbsp;DL_GPIO_setPins
<LI><a href="#[6a]">&gt;&gt;</a>&nbsp;&nbsp;&nbsp;DL_GPIO_initDigitalOutput
</UL>
<BR>[Called By]<UL><LI><a href="#[b1]">&gt;&gt;</a>&nbsp;&nbsp;&nbsp;I2C_ReadOneByte
<LI><a href="#[c2]">&gt;&gt;</a>&nbsp;&nbsp;&nbsp;IICwriteBytes
<LI><a href="#[102]">&gt;&gt;</a>&nbsp;&nbsp;&nbsp;i2cWrite
<LI><a href="#[a1]">&gt;&gt;</a>&nbsp;&nbsp;&nbsp;i2cRead
</UL>

<P><STRONG><a name="[b6]"></a>IIC_Start</STRONG> (Thumb, 116 bytes, Stack size 32 bytes, ioi2c.o(.text.IIC_Start))
<BR><BR>[Stack]<UL><LI>Max Depth = 88<LI>Call Chain = IIC_Start &rArr; delay_us &rArr; __stack_chk_fail &rArr; printf
</UL>
<BR>[Calls]<UL><LI><a href="#[bc]">&gt;&gt;</a>&nbsp;&nbsp;&nbsp;delay_us
<LI><a href="#[44]">&gt;&gt;</a>&nbsp;&nbsp;&nbsp;__stack_chk_fail
<LI><a href="#[61]">&gt;&gt;</a>&nbsp;&nbsp;&nbsp;DL_GPIO_clearPins
<LI><a href="#[64]">&gt;&gt;</a>&nbsp;&nbsp;&nbsp;DL_GPIO_enableOutput
<LI><a href="#[77]">&gt;&gt;</a>&nbsp;&nbsp;&nbsp;DL_GPIO_setPins
<LI><a href="#[6a]">&gt;&gt;</a>&nbsp;&nbsp;&nbsp;DL_GPIO_initDigitalOutput
</UL>
<BR>[Called By]<UL><LI><a href="#[b1]">&gt;&gt;</a>&nbsp;&nbsp;&nbsp;I2C_ReadOneByte
<LI><a href="#[c2]">&gt;&gt;</a>&nbsp;&nbsp;&nbsp;IICwriteBytes
<LI><a href="#[102]">&gt;&gt;</a>&nbsp;&nbsp;&nbsp;i2cWrite
<LI><a href="#[a1]">&gt;&gt;</a>&nbsp;&nbsp;&nbsp;i2cRead
</UL>

<P><STRONG><a name="[ba]"></a>IIC_Stop</STRONG> (Thumb, 112 bytes, Stack size 32 bytes, ioi2c.o(.text.IIC_Stop))
<BR><BR>[Stack]<UL><LI>Max Depth = 88<LI>Call Chain = IIC_Stop &rArr; delay_us &rArr; __stack_chk_fail &rArr; printf
</UL>
<BR>[Calls]<UL><LI><a href="#[bc]">&gt;&gt;</a>&nbsp;&nbsp;&nbsp;delay_us
<LI><a href="#[44]">&gt;&gt;</a>&nbsp;&nbsp;&nbsp;__stack_chk_fail
<LI><a href="#[61]">&gt;&gt;</a>&nbsp;&nbsp;&nbsp;DL_GPIO_clearPins
<LI><a href="#[64]">&gt;&gt;</a>&nbsp;&nbsp;&nbsp;DL_GPIO_enableOutput
<LI><a href="#[77]">&gt;&gt;</a>&nbsp;&nbsp;&nbsp;DL_GPIO_setPins
<LI><a href="#[6a]">&gt;&gt;</a>&nbsp;&nbsp;&nbsp;DL_GPIO_initDigitalOutput
</UL>
<BR>[Called By]<UL><LI><a href="#[b1]">&gt;&gt;</a>&nbsp;&nbsp;&nbsp;I2C_ReadOneByte
<LI><a href="#[c2]">&gt;&gt;</a>&nbsp;&nbsp;&nbsp;IICwriteBytes
<LI><a href="#[b8]">&gt;&gt;</a>&nbsp;&nbsp;&nbsp;IIC_Wait_Ack
<LI><a href="#[102]">&gt;&gt;</a>&nbsp;&nbsp;&nbsp;i2cWrite
<LI><a href="#[a1]">&gt;&gt;</a>&nbsp;&nbsp;&nbsp;i2cRead
</UL>

<P><STRONG><a name="[b8]"></a>IIC_Wait_Ack</STRONG> (Thumb, 156 bytes, Stack size 40 bytes, ioi2c.o(.text.IIC_Wait_Ack))
<BR><BR>[Stack]<UL><LI>Max Depth = 128<LI>Call Chain = IIC_Wait_Ack &rArr; IIC_Stop &rArr; delay_us &rArr; __stack_chk_fail &rArr; printf
</UL>
<BR>[Calls]<UL><LI><a href="#[bc]">&gt;&gt;</a>&nbsp;&nbsp;&nbsp;delay_us
<LI><a href="#[44]">&gt;&gt;</a>&nbsp;&nbsp;&nbsp;__stack_chk_fail
<LI><a href="#[ba]">&gt;&gt;</a>&nbsp;&nbsp;&nbsp;IIC_Stop
<LI><a href="#[70]">&gt;&gt;</a>&nbsp;&nbsp;&nbsp;DL_GPIO_readPins
<LI><a href="#[68]">&gt;&gt;</a>&nbsp;&nbsp;&nbsp;DL_GPIO_initDigitalInput
<LI><a href="#[61]">&gt;&gt;</a>&nbsp;&nbsp;&nbsp;DL_GPIO_clearPins
<LI><a href="#[77]">&gt;&gt;</a>&nbsp;&nbsp;&nbsp;DL_GPIO_setPins
</UL>
<BR>[Called By]<UL><LI><a href="#[b1]">&gt;&gt;</a>&nbsp;&nbsp;&nbsp;I2C_ReadOneByte
<LI><a href="#[c2]">&gt;&gt;</a>&nbsp;&nbsp;&nbsp;IICwriteBytes
<LI><a href="#[102]">&gt;&gt;</a>&nbsp;&nbsp;&nbsp;i2cWrite
<LI><a href="#[a1]">&gt;&gt;</a>&nbsp;&nbsp;&nbsp;i2cRead
</UL>

<P><STRONG><a name="[be]"></a>IICreadByte</STRONG> (Thumb, 60 bytes, Stack size 24 bytes, ioi2c.o(.text.IICreadByte))
<BR><BR>[Stack]<UL><LI>Max Depth = 200<LI>Call Chain = IICreadByte &rArr; I2C_ReadOneByte &rArr; IIC_Read_Byte &rArr; IIC_NAck &rArr; delay_us &rArr; __stack_chk_fail &rArr; printf
</UL>
<BR>[Calls]<UL><LI><a href="#[b1]">&gt;&gt;</a>&nbsp;&nbsp;&nbsp;I2C_ReadOneByte
<LI><a href="#[44]">&gt;&gt;</a>&nbsp;&nbsp;&nbsp;__stack_chk_fail
</UL>
<BR>[Called By]<UL><LI><a href="#[bf]">&gt;&gt;</a>&nbsp;&nbsp;&nbsp;IICwriteBit
<LI><a href="#[c1]">&gt;&gt;</a>&nbsp;&nbsp;&nbsp;IICwriteBits
</UL>

<P><STRONG><a name="[bf]"></a>IICwriteBit</STRONG> (Thumb, 136 bytes, Stack size 48 bytes, ioi2c.o(.text.IICwriteBit))
<BR><BR>[Stack]<UL><LI>Max Depth = 256<LI>Call Chain = IICwriteBit &rArr; IICwriteByte &rArr; IICwriteBytes &rArr; IIC_Wait_Ack &rArr; IIC_Stop &rArr; delay_us &rArr; __stack_chk_fail &rArr; printf
</UL>
<BR>[Calls]<UL><LI><a href="#[44]">&gt;&gt;</a>&nbsp;&nbsp;&nbsp;__stack_chk_fail
<LI><a href="#[c0]">&gt;&gt;</a>&nbsp;&nbsp;&nbsp;IICwriteByte
<LI><a href="#[be]">&gt;&gt;</a>&nbsp;&nbsp;&nbsp;IICreadByte
</UL>
<BR>[Called By]<UL><LI><a href="#[cf]">&gt;&gt;</a>&nbsp;&nbsp;&nbsp;MPU6050_setI2CBypassEnabled
<LI><a href="#[ce]">&gt;&gt;</a>&nbsp;&nbsp;&nbsp;MPU6050_setI2CMasterModeEnabled
<LI><a href="#[cd]">&gt;&gt;</a>&nbsp;&nbsp;&nbsp;MPU6050_setSleepEnabled
</UL>

<P><STRONG><a name="[c1]"></a>IICwriteBits</STRONG> (Thumb, 184 bytes, Stack size 56 bytes, ioi2c.o(.text.IICwriteBits))
<BR><BR>[Stack]<UL><LI>Max Depth = 264<LI>Call Chain = IICwriteBits &rArr; IICwriteByte &rArr; IICwriteBytes &rArr; IIC_Wait_Ack &rArr; IIC_Stop &rArr; delay_us &rArr; __stack_chk_fail &rArr; printf
</UL>
<BR>[Calls]<UL><LI><a href="#[44]">&gt;&gt;</a>&nbsp;&nbsp;&nbsp;__stack_chk_fail
<LI><a href="#[c0]">&gt;&gt;</a>&nbsp;&nbsp;&nbsp;IICwriteByte
<LI><a href="#[be]">&gt;&gt;</a>&nbsp;&nbsp;&nbsp;IICreadByte
</UL>
<BR>[Called By]<UL><LI><a href="#[cc]">&gt;&gt;</a>&nbsp;&nbsp;&nbsp;MPU6050_setFullScaleAccelRange
<LI><a href="#[cb]">&gt;&gt;</a>&nbsp;&nbsp;&nbsp;MPU6050_setFullScaleGyroRange
<LI><a href="#[ca]">&gt;&gt;</a>&nbsp;&nbsp;&nbsp;MPU6050_setClockSource
</UL>

<P><STRONG><a name="[c0]"></a>IICwriteByte</STRONG> (Thumb, 64 bytes, Stack size 32 bytes, ioi2c.o(.text.IICwriteByte))
<BR><BR>[Stack]<UL><LI>Max Depth = 208<LI>Call Chain = IICwriteByte &rArr; IICwriteBytes &rArr; IIC_Wait_Ack &rArr; IIC_Stop &rArr; delay_us &rArr; __stack_chk_fail &rArr; printf
</UL>
<BR>[Calls]<UL><LI><a href="#[44]">&gt;&gt;</a>&nbsp;&nbsp;&nbsp;__stack_chk_fail
<LI><a href="#[c2]">&gt;&gt;</a>&nbsp;&nbsp;&nbsp;IICwriteBytes
</UL>
<BR>[Called By]<UL><LI><a href="#[bf]">&gt;&gt;</a>&nbsp;&nbsp;&nbsp;IICwriteBit
<LI><a href="#[c1]">&gt;&gt;</a>&nbsp;&nbsp;&nbsp;IICwriteBits
</UL>

<P><STRONG><a name="[c2]"></a>IICwriteBytes</STRONG> (Thumb, 144 bytes, Stack size 48 bytes, ioi2c.o(.text.IICwriteBytes))
<BR><BR>[Stack]<UL><LI>Max Depth = 176<LI>Call Chain = IICwriteBytes &rArr; IIC_Wait_Ack &rArr; IIC_Stop &rArr; delay_us &rArr; __stack_chk_fail &rArr; printf
</UL>
<BR>[Calls]<UL><LI><a href="#[44]">&gt;&gt;</a>&nbsp;&nbsp;&nbsp;__stack_chk_fail
<LI><a href="#[b7]">&gt;&gt;</a>&nbsp;&nbsp;&nbsp;IIC_Send_Byte
<LI><a href="#[b8]">&gt;&gt;</a>&nbsp;&nbsp;&nbsp;IIC_Wait_Ack
<LI><a href="#[ba]">&gt;&gt;</a>&nbsp;&nbsp;&nbsp;IIC_Stop
<LI><a href="#[b6]">&gt;&gt;</a>&nbsp;&nbsp;&nbsp;IIC_Start
</UL>
<BR>[Called By]<UL><LI><a href="#[c0]">&gt;&gt;</a>&nbsp;&nbsp;&nbsp;IICwriteByte
</UL>

<P><STRONG><a name="[b4]"></a>Kalman_Filter_x</STRONG> (Thumb, 620 bytes, Stack size 152 bytes, filter.o(.text.Kalman_Filter_x))
<BR><BR>[Stack]<UL><LI>Max Depth = 188<LI>Call Chain = Kalman_Filter_x &rArr; __aeabi_fadd &rArr; _float_epilogue
</UL>
<BR>[Calls]<UL><LI><a href="#[2e]">&gt;&gt;</a>&nbsp;&nbsp;&nbsp;__aeabi_fdiv
<LI><a href="#[29]">&gt;&gt;</a>&nbsp;&nbsp;&nbsp;__aeabi_fadd
<LI><a href="#[48]">&gt;&gt;</a>&nbsp;&nbsp;&nbsp;__aeabi_fmul
<LI><a href="#[2c]">&gt;&gt;</a>&nbsp;&nbsp;&nbsp;__aeabi_fsub
<LI><a href="#[38]">&gt;&gt;</a>&nbsp;&nbsp;&nbsp;__aeabi_i2f
<LI><a href="#[44]">&gt;&gt;</a>&nbsp;&nbsp;&nbsp;__stack_chk_fail
</UL>
<BR>[Called By]<UL><LI><a href="#[af]">&gt;&gt;</a>&nbsp;&nbsp;&nbsp;Get_Angle
</UL>

<P><STRONG><a name="[b5]"></a>Kalman_Filter_y</STRONG> (Thumb, 620 bytes, Stack size 152 bytes, filter.o(.text.Kalman_Filter_y))
<BR><BR>[Stack]<UL><LI>Max Depth = 188<LI>Call Chain = Kalman_Filter_y &rArr; __aeabi_fadd &rArr; _float_epilogue
</UL>
<BR>[Calls]<UL><LI><a href="#[2e]">&gt;&gt;</a>&nbsp;&nbsp;&nbsp;__aeabi_fdiv
<LI><a href="#[29]">&gt;&gt;</a>&nbsp;&nbsp;&nbsp;__aeabi_fadd
<LI><a href="#[48]">&gt;&gt;</a>&nbsp;&nbsp;&nbsp;__aeabi_fmul
<LI><a href="#[2c]">&gt;&gt;</a>&nbsp;&nbsp;&nbsp;__aeabi_fsub
<LI><a href="#[38]">&gt;&gt;</a>&nbsp;&nbsp;&nbsp;__aeabi_i2f
<LI><a href="#[44]">&gt;&gt;</a>&nbsp;&nbsp;&nbsp;__stack_chk_fail
</UL>
<BR>[Called By]<UL><LI><a href="#[af]">&gt;&gt;</a>&nbsp;&nbsp;&nbsp;Get_Angle
</UL>

<P><STRONG><a name="[c3]"></a>Kinematic_Analysis</STRONG> (Thumb, 68 bytes, Stack size 24 bytes, empty.o(.text.Kinematic_Analysis))
<BR><BR>[Stack]<UL><LI>Max Depth = 60<LI>Call Chain = Kinematic_Analysis &rArr; __aeabi_fadd &rArr; _float_epilogue
</UL>
<BR>[Calls]<UL><LI><a href="#[c4]">&gt;&gt;</a>&nbsp;&nbsp;&nbsp;__aeabi_f2iz
<LI><a href="#[29]">&gt;&gt;</a>&nbsp;&nbsp;&nbsp;__aeabi_fadd
<LI><a href="#[2c]">&gt;&gt;</a>&nbsp;&nbsp;&nbsp;__aeabi_fsub
<LI><a href="#[44]">&gt;&gt;</a>&nbsp;&nbsp;&nbsp;__stack_chk_fail
</UL>
<BR>[Called By]<UL><LI><a href="#[15]">&gt;&gt;</a>&nbsp;&nbsp;&nbsp;TIMA0_IRQHandler
</UL>

<P><STRONG><a name="[c5]"></a>LED_Blink</STRONG> (Thumb, 52 bytes, Stack size 24 bytes, led.o(.text.LED_Blink))
<BR><BR>[Stack]<UL><LI>Max Depth = 96<LI>Call Chain = LED_Blink &rArr; delay_ms &rArr; delay_us &rArr; __stack_chk_fail &rArr; printf
</UL>
<BR>[Calls]<UL><LI><a href="#[c7]">&gt;&gt;</a>&nbsp;&nbsp;&nbsp;delay_ms
<LI><a href="#[c6]">&gt;&gt;</a>&nbsp;&nbsp;&nbsp;LED_ON
<LI><a href="#[44]">&gt;&gt;</a>&nbsp;&nbsp;&nbsp;__stack_chk_fail
<LI><a href="#[c8]">&gt;&gt;</a>&nbsp;&nbsp;&nbsp;LED_OFF
</UL>
<BR>[Called By]<UL><LI><a href="#[1e]">&gt;&gt;</a>&nbsp;&nbsp;&nbsp;main
</UL>

<P><STRONG><a name="[c8]"></a>LED_OFF</STRONG> (Thumb, 116 bytes, Stack size 16 bytes, led.o(.text.LED_OFF))
<BR><BR>[Stack]<UL><LI>Max Depth = 64<LI>Call Chain = LED_OFF &rArr; DL_GPIO_clearPins &rArr; __stack_chk_fail &rArr; printf
</UL>
<BR>[Calls]<UL><LI><a href="#[44]">&gt;&gt;</a>&nbsp;&nbsp;&nbsp;__stack_chk_fail
<LI><a href="#[5f]">&gt;&gt;</a>&nbsp;&nbsp;&nbsp;DL_GPIO_clearPins
</UL>
<BR>[Called By]<UL><LI><a href="#[c5]">&gt;&gt;</a>&nbsp;&nbsp;&nbsp;LED_Blink
</UL>

<P><STRONG><a name="[c6]"></a>LED_ON</STRONG> (Thumb, 116 bytes, Stack size 16 bytes, led.o(.text.LED_ON))
<BR><BR>[Stack]<UL><LI>Max Depth = 64<LI>Call Chain = LED_ON &rArr; DL_GPIO_setPins &rArr; __stack_chk_fail &rArr; printf
</UL>
<BR>[Calls]<UL><LI><a href="#[44]">&gt;&gt;</a>&nbsp;&nbsp;&nbsp;__stack_chk_fail
<LI><a href="#[75]">&gt;&gt;</a>&nbsp;&nbsp;&nbsp;DL_GPIO_setPins
</UL>
<BR>[Called By]<UL><LI><a href="#[c5]">&gt;&gt;</a>&nbsp;&nbsp;&nbsp;LED_Blink
<LI><a href="#[1e]">&gt;&gt;</a>&nbsp;&nbsp;&nbsp;main
</UL>

<P><STRONG><a name="[c9]"></a>MPU6050_initialize</STRONG> (Thumb, 68 bytes, Stack size 16 bytes, mpu6050.o(.text.MPU6050_initialize))
<BR><BR>[Stack]<UL><LI>Max Depth = 304<LI>Call Chain = MPU6050_initialize &rArr; MPU6050_setFullScaleAccelRange &rArr; IICwriteBits &rArr; IICwriteByte &rArr; IICwriteBytes &rArr; IIC_Wait_Ack &rArr; IIC_Stop &rArr; delay_us &rArr; __stack_chk_fail &rArr; printf
</UL>
<BR>[Calls]<UL><LI><a href="#[44]">&gt;&gt;</a>&nbsp;&nbsp;&nbsp;__stack_chk_fail
<LI><a href="#[cf]">&gt;&gt;</a>&nbsp;&nbsp;&nbsp;MPU6050_setI2CBypassEnabled
<LI><a href="#[ce]">&gt;&gt;</a>&nbsp;&nbsp;&nbsp;MPU6050_setI2CMasterModeEnabled
<LI><a href="#[cd]">&gt;&gt;</a>&nbsp;&nbsp;&nbsp;MPU6050_setSleepEnabled
<LI><a href="#[cc]">&gt;&gt;</a>&nbsp;&nbsp;&nbsp;MPU6050_setFullScaleAccelRange
<LI><a href="#[cb]">&gt;&gt;</a>&nbsp;&nbsp;&nbsp;MPU6050_setFullScaleGyroRange
<LI><a href="#[ca]">&gt;&gt;</a>&nbsp;&nbsp;&nbsp;MPU6050_setClockSource
</UL>
<BR>[Called By]<UL><LI><a href="#[1e]">&gt;&gt;</a>&nbsp;&nbsp;&nbsp;main
</UL>

<P><STRONG><a name="[ca]"></a>MPU6050_setClockSource</STRONG> (Thumb, 52 bytes, Stack size 24 bytes, mpu6050.o(.text.MPU6050_setClockSource))
<BR><BR>[Stack]<UL><LI>Max Depth = 288<LI>Call Chain = MPU6050_setClockSource &rArr; IICwriteBits &rArr; IICwriteByte &rArr; IICwriteBytes &rArr; IIC_Wait_Ack &rArr; IIC_Stop &rArr; delay_us &rArr; __stack_chk_fail &rArr; printf
</UL>
<BR>[Calls]<UL><LI><a href="#[44]">&gt;&gt;</a>&nbsp;&nbsp;&nbsp;__stack_chk_fail
<LI><a href="#[c1]">&gt;&gt;</a>&nbsp;&nbsp;&nbsp;IICwriteBits
</UL>
<BR>[Called By]<UL><LI><a href="#[c9]">&gt;&gt;</a>&nbsp;&nbsp;&nbsp;MPU6050_initialize
</UL>

<P><STRONG><a name="[cc]"></a>MPU6050_setFullScaleAccelRange</STRONG> (Thumb, 52 bytes, Stack size 24 bytes, mpu6050.o(.text.MPU6050_setFullScaleAccelRange))
<BR><BR>[Stack]<UL><LI>Max Depth = 288<LI>Call Chain = MPU6050_setFullScaleAccelRange &rArr; IICwriteBits &rArr; IICwriteByte &rArr; IICwriteBytes &rArr; IIC_Wait_Ack &rArr; IIC_Stop &rArr; delay_us &rArr; __stack_chk_fail &rArr; printf
</UL>
<BR>[Calls]<UL><LI><a href="#[44]">&gt;&gt;</a>&nbsp;&nbsp;&nbsp;__stack_chk_fail
<LI><a href="#[c1]">&gt;&gt;</a>&nbsp;&nbsp;&nbsp;IICwriteBits
</UL>
<BR>[Called By]<UL><LI><a href="#[c9]">&gt;&gt;</a>&nbsp;&nbsp;&nbsp;MPU6050_initialize
</UL>

<P><STRONG><a name="[cb]"></a>MPU6050_setFullScaleGyroRange</STRONG> (Thumb, 52 bytes, Stack size 24 bytes, mpu6050.o(.text.MPU6050_setFullScaleGyroRange))
<BR><BR>[Stack]<UL><LI>Max Depth = 288<LI>Call Chain = MPU6050_setFullScaleGyroRange &rArr; IICwriteBits &rArr; IICwriteByte &rArr; IICwriteBytes &rArr; IIC_Wait_Ack &rArr; IIC_Stop &rArr; delay_us &rArr; __stack_chk_fail &rArr; printf
</UL>
<BR>[Calls]<UL><LI><a href="#[44]">&gt;&gt;</a>&nbsp;&nbsp;&nbsp;__stack_chk_fail
<LI><a href="#[c1]">&gt;&gt;</a>&nbsp;&nbsp;&nbsp;IICwriteBits
</UL>
<BR>[Called By]<UL><LI><a href="#[c9]">&gt;&gt;</a>&nbsp;&nbsp;&nbsp;MPU6050_initialize
</UL>

<P><STRONG><a name="[cf]"></a>MPU6050_setI2CBypassEnabled</STRONG> (Thumb, 48 bytes, Stack size 16 bytes, mpu6050.o(.text.MPU6050_setI2CBypassEnabled))
<BR><BR>[Stack]<UL><LI>Max Depth = 272<LI>Call Chain = MPU6050_setI2CBypassEnabled &rArr; IICwriteBit &rArr; IICwriteByte &rArr; IICwriteBytes &rArr; IIC_Wait_Ack &rArr; IIC_Stop &rArr; delay_us &rArr; __stack_chk_fail &rArr; printf
</UL>
<BR>[Calls]<UL><LI><a href="#[44]">&gt;&gt;</a>&nbsp;&nbsp;&nbsp;__stack_chk_fail
<LI><a href="#[bf]">&gt;&gt;</a>&nbsp;&nbsp;&nbsp;IICwriteBit
</UL>
<BR>[Called By]<UL><LI><a href="#[c9]">&gt;&gt;</a>&nbsp;&nbsp;&nbsp;MPU6050_initialize
</UL>

<P><STRONG><a name="[ce]"></a>MPU6050_setI2CMasterModeEnabled</STRONG> (Thumb, 48 bytes, Stack size 16 bytes, mpu6050.o(.text.MPU6050_setI2CMasterModeEnabled))
<BR><BR>[Stack]<UL><LI>Max Depth = 272<LI>Call Chain = MPU6050_setI2CMasterModeEnabled &rArr; IICwriteBit &rArr; IICwriteByte &rArr; IICwriteBytes &rArr; IIC_Wait_Ack &rArr; IIC_Stop &rArr; delay_us &rArr; __stack_chk_fail &rArr; printf
</UL>
<BR>[Calls]<UL><LI><a href="#[44]">&gt;&gt;</a>&nbsp;&nbsp;&nbsp;__stack_chk_fail
<LI><a href="#[bf]">&gt;&gt;</a>&nbsp;&nbsp;&nbsp;IICwriteBit
</UL>
<BR>[Called By]<UL><LI><a href="#[c9]">&gt;&gt;</a>&nbsp;&nbsp;&nbsp;MPU6050_initialize
</UL>

<P><STRONG><a name="[cd]"></a>MPU6050_setSleepEnabled</STRONG> (Thumb, 48 bytes, Stack size 16 bytes, mpu6050.o(.text.MPU6050_setSleepEnabled))
<BR><BR>[Stack]<UL><LI>Max Depth = 272<LI>Call Chain = MPU6050_setSleepEnabled &rArr; IICwriteBit &rArr; IICwriteByte &rArr; IICwriteBytes &rArr; IIC_Wait_Ack &rArr; IIC_Stop &rArr; delay_us &rArr; __stack_chk_fail &rArr; printf
</UL>
<BR>[Calls]<UL><LI><a href="#[44]">&gt;&gt;</a>&nbsp;&nbsp;&nbsp;__stack_chk_fail
<LI><a href="#[bf]">&gt;&gt;</a>&nbsp;&nbsp;&nbsp;IICwriteBit
</UL>
<BR>[Called By]<UL><LI><a href="#[c9]">&gt;&gt;</a>&nbsp;&nbsp;&nbsp;MPU6050_initialize
</UL>

<P><STRONG><a name="[b0]"></a>Read_DMP</STRONG> (Thumb, 484 bytes, Stack size 176 bytes, mpu6050.o(.text.Read_DMP))
<BR><BR>[Stack]<UL><LI>Max Depth = 504<LI>Call Chain = Read_DMP &rArr; dmp_read_fifo &rArr; mpu_read_fifo_stream &rArr; mpu_reset_fifo &rArr; i2cWrite &rArr; IIC_Wait_Ack &rArr; IIC_Stop &rArr; delay_us &rArr; __stack_chk_fail &rArr; printf
</UL>
<BR>[Calls]<UL><LI><a href="#[2e]">&gt;&gt;</a>&nbsp;&nbsp;&nbsp;__aeabi_fdiv
<LI><a href="#[3b]">&gt;&gt;</a>&nbsp;&nbsp;&nbsp;__aeabi_d2f
<LI><a href="#[36]">&gt;&gt;</a>&nbsp;&nbsp;&nbsp;__aeabi_dmul
<LI><a href="#[29]">&gt;&gt;</a>&nbsp;&nbsp;&nbsp;__aeabi_fadd
<LI><a href="#[48]">&gt;&gt;</a>&nbsp;&nbsp;&nbsp;__aeabi_fmul
<LI><a href="#[2c]">&gt;&gt;</a>&nbsp;&nbsp;&nbsp;__aeabi_fsub
<LI><a href="#[38]">&gt;&gt;</a>&nbsp;&nbsp;&nbsp;__aeabi_i2f
<LI><a href="#[46]">&gt;&gt;</a>&nbsp;&nbsp;&nbsp;__aeabi_f2d
<LI><a href="#[44]">&gt;&gt;</a>&nbsp;&nbsp;&nbsp;__stack_chk_fail
<LI><a href="#[b3]">&gt;&gt;</a>&nbsp;&nbsp;&nbsp;atan2
<LI><a href="#[d1]">&gt;&gt;</a>&nbsp;&nbsp;&nbsp;asin
<LI><a href="#[d0]">&gt;&gt;</a>&nbsp;&nbsp;&nbsp;dmp_read_fifo
</UL>
<BR>[Called By]<UL><LI><a href="#[af]">&gt;&gt;</a>&nbsp;&nbsp;&nbsp;Get_Angle
</UL>

<P><STRONG><a name="[d2]"></a>SYSCFG_DL_ADC_VOLTAGE_init</STRONG> (Thumb, 120 bytes, Stack size 48 bytes, ti_msp_dl_config.o(.text.SYSCFG_DL_ADC_VOLTAGE_init))
<BR><BR>[Stack]<UL><LI>Max Depth = 136<LI>Call Chain = SYSCFG_DL_ADC_VOLTAGE_init &rArr; DL_ADC12_initSingleSample &rArr; DL_Common_updateReg &rArr; __stack_chk_fail &rArr; printf
</UL>
<BR>[Calls]<UL><LI><a href="#[54]">&gt;&gt;</a>&nbsp;&nbsp;&nbsp;DL_ADC12_setClockConfig
<LI><a href="#[4d]">&gt;&gt;</a>&nbsp;&nbsp;&nbsp;DL_ADC12_enableConversions
<LI><a href="#[4e]">&gt;&gt;</a>&nbsp;&nbsp;&nbsp;DL_ADC12_enableInterrupt
<LI><a href="#[4b]">&gt;&gt;</a>&nbsp;&nbsp;&nbsp;DL_ADC12_clearInterruptStatus
<LI><a href="#[56]">&gt;&gt;</a>&nbsp;&nbsp;&nbsp;DL_ADC12_setSampleTime0
<LI><a href="#[4c]">&gt;&gt;</a>&nbsp;&nbsp;&nbsp;DL_ADC12_configConversionMem
<LI><a href="#[51]">&gt;&gt;</a>&nbsp;&nbsp;&nbsp;DL_ADC12_initSingleSample
<LI><a href="#[44]">&gt;&gt;</a>&nbsp;&nbsp;&nbsp;__stack_chk_fail
</UL>
<BR>[Called By]<UL><LI><a href="#[db]">&gt;&gt;</a>&nbsp;&nbsp;&nbsp;SYSCFG_DL_init
</UL>

<P><STRONG><a name="[d3]"></a>SYSCFG_DL_GPIO_init</STRONG> (Thumb, 324 bytes, Stack size 56 bytes, ti_msp_dl_config.o(.text.SYSCFG_DL_GPIO_init))
<BR><BR>[Stack]<UL><LI>Max Depth = 112<LI>Call Chain = SYSCFG_DL_GPIO_init &rArr; DL_GPIO_initDigitalOutputFeatures &rArr; __stack_chk_fail &rArr; printf
</UL>
<BR>[Calls]<UL><LI><a href="#[62]">&gt;&gt;</a>&nbsp;&nbsp;&nbsp;DL_GPIO_enableInterrupt
<LI><a href="#[5b]">&gt;&gt;</a>&nbsp;&nbsp;&nbsp;DL_GPIO_clearInterruptStatus
<LI><a href="#[78]">&gt;&gt;</a>&nbsp;&nbsp;&nbsp;DL_GPIO_setUpperPinsPolarity
<LI><a href="#[72]">&gt;&gt;</a>&nbsp;&nbsp;&nbsp;DL_GPIO_setLowerPinsPolarity
<LI><a href="#[74]">&gt;&gt;</a>&nbsp;&nbsp;&nbsp;DL_GPIO_setPins
<LI><a href="#[5e]">&gt;&gt;</a>&nbsp;&nbsp;&nbsp;DL_GPIO_clearPins
<LI><a href="#[6b]">&gt;&gt;</a>&nbsp;&nbsp;&nbsp;DL_GPIO_initDigitalOutputFeatures
<LI><a href="#[67]">&gt;&gt;</a>&nbsp;&nbsp;&nbsp;DL_GPIO_initDigitalInput
<LI><a href="#[69]">&gt;&gt;</a>&nbsp;&nbsp;&nbsp;DL_GPIO_initDigitalOutput
<LI><a href="#[6c]">&gt;&gt;</a>&nbsp;&nbsp;&nbsp;DL_GPIO_initPeripheralInputFunction
<LI><a href="#[63]">&gt;&gt;</a>&nbsp;&nbsp;&nbsp;DL_GPIO_enableOutput
<LI><a href="#[6d]">&gt;&gt;</a>&nbsp;&nbsp;&nbsp;DL_GPIO_initPeripheralOutputFunction
<LI><a href="#[44]">&gt;&gt;</a>&nbsp;&nbsp;&nbsp;__stack_chk_fail
</UL>
<BR>[Called By]<UL><LI><a href="#[db]">&gt;&gt;</a>&nbsp;&nbsp;&nbsp;SYSCFG_DL_init
</UL>

<P><STRONG><a name="[d4]"></a>SYSCFG_DL_PWM_0_init</STRONG> (Thumb, 136 bytes, Stack size 32 bytes, ti_msp_dl_config.o(.text.SYSCFG_DL_PWM_0_init))
<BR><BR>[Stack]<UL><LI>Max Depth = 240<LI>Call Chain = SYSCFG_DL_PWM_0_init &rArr; DL_TimerA_initPWMMode &rArr; DL_Timer_initPWMMode &rArr; DL_Timer_setCaptureCompareAction &rArr; DL_Common_updateReg &rArr; __stack_chk_fail &rArr; printf
</UL>
<BR>[Calls]<UL><LI><a href="#[8d]">&gt;&gt;</a>&nbsp;&nbsp;&nbsp;DL_Timer_setCaptureCompareValue
<LI><a href="#[90]">&gt;&gt;</a>&nbsp;&nbsp;&nbsp;DL_Timer_setCaptCompUpdateMethod
<LI><a href="#[83]">&gt;&gt;</a>&nbsp;&nbsp;&nbsp;DL_Timer_setCaptureCompareOutCtl
<LI><a href="#[80]">&gt;&gt;</a>&nbsp;&nbsp;&nbsp;DL_TimerA_initPWMMode
<LI><a href="#[91]">&gt;&gt;</a>&nbsp;&nbsp;&nbsp;DL_Timer_setClockConfig
<LI><a href="#[8f]">&gt;&gt;</a>&nbsp;&nbsp;&nbsp;DL_Timer_setCCPDirection
<LI><a href="#[86]">&gt;&gt;</a>&nbsp;&nbsp;&nbsp;DL_Timer_enableClock
<LI><a href="#[44]">&gt;&gt;</a>&nbsp;&nbsp;&nbsp;__stack_chk_fail
</UL>
<BR>[Called By]<UL><LI><a href="#[db]">&gt;&gt;</a>&nbsp;&nbsp;&nbsp;SYSCFG_DL_init
</UL>

<P><STRONG><a name="[d5]"></a>SYSCFG_DL_SYSCTL_init</STRONG> (Thumb, 64 bytes, Stack size 16 bytes, ti_msp_dl_config.o(.text.SYSCFG_DL_SYSCTL_init))
<BR><BR>[Stack]<UL><LI>Max Depth = 88<LI>Call Chain = SYSCFG_DL_SYSCTL_init &rArr; DL_SYSCTL_setSYSOSCFreq &rArr; DL_Common_updateReg &rArr; __stack_chk_fail &rArr; printf
</UL>
<BR>[Calls]<UL><LI><a href="#[d6]">&gt;&gt;</a>&nbsp;&nbsp;&nbsp;__NVIC_SetPriority
<LI><a href="#[7b]">&gt;&gt;</a>&nbsp;&nbsp;&nbsp;DL_SYSCTL_enableMFCLK
<LI><a href="#[7a]">&gt;&gt;</a>&nbsp;&nbsp;&nbsp;DL_SYSCTL_disableSYSPLL
<LI><a href="#[79]">&gt;&gt;</a>&nbsp;&nbsp;&nbsp;DL_SYSCTL_disableHFXT
<LI><a href="#[7d]">&gt;&gt;</a>&nbsp;&nbsp;&nbsp;DL_SYSCTL_setSYSOSCFreq
<LI><a href="#[7c]">&gt;&gt;</a>&nbsp;&nbsp;&nbsp;DL_SYSCTL_setBORThreshold
<LI><a href="#[44]">&gt;&gt;</a>&nbsp;&nbsp;&nbsp;__stack_chk_fail
</UL>
<BR>[Called By]<UL><LI><a href="#[db]">&gt;&gt;</a>&nbsp;&nbsp;&nbsp;SYSCFG_DL_init
</UL>

<P><STRONG><a name="[d7]"></a>SYSCFG_DL_SYSTICK_init</STRONG> (Thumb, 40 bytes, Stack size 16 bytes, ti_msp_dl_config.o(.text.SYSCFG_DL_SYSTICK_init))
<BR><BR>[Stack]<UL><LI>Max Depth = 56<LI>Call Chain = SYSCFG_DL_SYSTICK_init &rArr; DL_SYSTICK_enable &rArr; __stack_chk_fail &rArr; printf
</UL>
<BR>[Calls]<UL><LI><a href="#[7e]">&gt;&gt;</a>&nbsp;&nbsp;&nbsp;DL_SYSTICK_enable
<LI><a href="#[7f]">&gt;&gt;</a>&nbsp;&nbsp;&nbsp;DL_SYSTICK_init
<LI><a href="#[44]">&gt;&gt;</a>&nbsp;&nbsp;&nbsp;__stack_chk_fail
</UL>
<BR>[Called By]<UL><LI><a href="#[db]">&gt;&gt;</a>&nbsp;&nbsp;&nbsp;SYSCFG_DL_init
</UL>

<P><STRONG><a name="[d8]"></a>SYSCFG_DL_TIMER_0_init</STRONG> (Thumb, 64 bytes, Stack size 16 bytes, ti_msp_dl_config.o(.text.SYSCFG_DL_TIMER_0_init))
<BR><BR>[Stack]<UL><LI>Max Depth = 136<LI>Call Chain = SYSCFG_DL_TIMER_0_init &rArr; DL_Timer_initTimerMode &rArr; DL_Timer_setCaptureCompareCtl &rArr; DL_Common_updateReg &rArr; __stack_chk_fail &rArr; printf
</UL>
<BR>[Calls]<UL><LI><a href="#[8c]">&gt;&gt;</a>&nbsp;&nbsp;&nbsp;DL_Timer_initTimerMode
<LI><a href="#[91]">&gt;&gt;</a>&nbsp;&nbsp;&nbsp;DL_Timer_setClockConfig
<LI><a href="#[87]">&gt;&gt;</a>&nbsp;&nbsp;&nbsp;DL_Timer_enableInterrupt
<LI><a href="#[86]">&gt;&gt;</a>&nbsp;&nbsp;&nbsp;DL_Timer_enableClock
<LI><a href="#[44]">&gt;&gt;</a>&nbsp;&nbsp;&nbsp;__stack_chk_fail
</UL>
<BR>[Called By]<UL><LI><a href="#[db]">&gt;&gt;</a>&nbsp;&nbsp;&nbsp;SYSCFG_DL_init
</UL>

<P><STRONG><a name="[d9]"></a>SYSCFG_DL_UART_0_init</STRONG> (Thumb, 84 bytes, Stack size 16 bytes, ti_msp_dl_config.o(.text.SYSCFG_DL_UART_0_init))
<BR><BR>[Stack]<UL><LI>Max Depth = 96<LI>Call Chain = SYSCFG_DL_UART_0_init &rArr; DL_UART_init &rArr; DL_Common_updateReg &rArr; __stack_chk_fail &rArr; printf
</UL>
<BR>[Calls]<UL><LI><a href="#[98]">&gt;&gt;</a>&nbsp;&nbsp;&nbsp;DL_UART_init
<LI><a href="#[9d]">&gt;&gt;</a>&nbsp;&nbsp;&nbsp;DL_UART_setClockConfig
<LI><a href="#[94]">&gt;&gt;</a>&nbsp;&nbsp;&nbsp;DL_UART_enable
<LI><a href="#[95]">&gt;&gt;</a>&nbsp;&nbsp;&nbsp;DL_UART_enableInterrupt
<LI><a href="#[9c]">&gt;&gt;</a>&nbsp;&nbsp;&nbsp;DL_UART_setBaudRateDivisor
<LI><a href="#[9e]">&gt;&gt;</a>&nbsp;&nbsp;&nbsp;DL_UART_setOversampling
<LI><a href="#[44]">&gt;&gt;</a>&nbsp;&nbsp;&nbsp;__stack_chk_fail
</UL>
<BR>[Called By]<UL><LI><a href="#[db]">&gt;&gt;</a>&nbsp;&nbsp;&nbsp;SYSCFG_DL_init
</UL>

<P><STRONG><a name="[da]"></a>SYSCFG_DL_UART_1_init</STRONG> (Thumb, 84 bytes, Stack size 16 bytes, ti_msp_dl_config.o(.text.SYSCFG_DL_UART_1_init))
<BR><BR>[Stack]<UL><LI>Max Depth = 96<LI>Call Chain = SYSCFG_DL_UART_1_init &rArr; DL_UART_init &rArr; DL_Common_updateReg &rArr; __stack_chk_fail &rArr; printf
</UL>
<BR>[Calls]<UL><LI><a href="#[98]">&gt;&gt;</a>&nbsp;&nbsp;&nbsp;DL_UART_init
[...]
</UL>
<BR>[Calls]<UL><LI><a href="#[44]">&gt;&gt;</a>&nbsp;&nbsp;&nbsp;__stack_chk_fail
</UL>
<BR>[Called By]<UL><LI><a href="#[10]">&gt;&gt;</a>&nbsp;&nbsp;&nbsp;UART1_IRQHandler
<LI><a href="#[12]">&gt;&gt;</a>&nbsp;&nbsp;&nbsp;UART0_IRQHandler
</UL>

<P><STRONG><a name="[93]"></a>DL_UART_disable</STRONG> (Thumb, 48 bytes, Stack size 16 bytes, dl_uart.o(.text.DL_UART_disable))
<BR><BR>[Stack]<UL><LI>Max Depth = 40<LI>Call Chain = DL_UART_disable &rArr; __stack_chk_fail &rArr; printf
</UL>
<BR>[Calls]<UL><LI><a href="#[44]">&gt;&gt;</a>&nbsp;&nbsp;&nbsp;__stack_chk_fail
</UL>
<BR>[Called By]<UL><LI><a href="#[98]">&gt;&gt;</a>&nbsp;&nbsp;&nbsp;DL_UART_init
</UL>

<P><STRONG><a name="[59]"></a>DL_Common_updateReg</STRONG> (Thumb, 64 bytes, Stack size 32 bytes, dl_uart.o(.text.DL_Common_updateReg))
<BR><BR>[Stack]<UL><LI>Max Depth = 56<LI>Call Chain = DL_Common_updateReg &rArr; __stack_chk_fail &rArr; printf
</UL>
<BR>[Calls]<UL><LI><a href="#[44]">&gt;&gt;</a>&nbsp;&nbsp;&nbsp;__stack_chk_fail
</UL>
<BR>[Called By]<UL><LI><a href="#[98]">&gt;&gt;</a>&nbsp;&nbsp;&nbsp;DL_UART_init
</UL>

<P><STRONG><a name="[8a]"></a>DL_Timer_setLoadValue</STRONG> (Thumb, 44 bytes, Stack size 24 bytes, dl_timer.o(.text.DL_Timer_setLoadValue))
<BR><BR>[Stack]<UL><LI>Max Depth = 48<LI>Call Chain = DL_Timer_setLoadValue &rArr; __stack_chk_fail &rArr; printf
</UL>
<BR>[Calls]<UL><LI><a href="#[44]">&gt;&gt;</a>&nbsp;&nbsp;&nbsp;__stack_chk_fail
</UL>
<BR>[Called By]<UL><LI><a href="#[8c]">&gt;&gt;</a>&nbsp;&nbsp;&nbsp;DL_Timer_initTimerMode
<LI><a href="#[85]">&gt;&gt;</a>&nbsp;&nbsp;&nbsp;DL_Timer_initPWMMode
</UL>

<P><STRONG><a name="[8b]"></a>DL_Timer_setCounterValueAfterEnable</STRONG> (Thumb, 52 bytes, Stack size 24 bytes, dl_timer.o(.text.DL_Timer_setCounterValueAfterEnable))
<BR><BR>[Stack]<UL><LI>Max Depth = 80<LI>Call Chain = DL_Timer_setCounterValueAfterEnable &rArr; DL_Common_updateReg &rArr; __stack_chk_fail &rArr; printf
</UL>
<BR>[Calls]<UL><LI><a href="#[5a]">&gt;&gt;</a>&nbsp;&nbsp;&nbsp;DL_Common_updateReg
<LI><a href="#[44]">&gt;&gt;</a>&nbsp;&nbsp;&nbsp;__stack_chk_fail
</UL>
<BR>[Called By]<UL><LI><a href="#[8c]">&gt;&gt;</a>&nbsp;&nbsp;&nbsp;DL_Timer_initTimerMode
<LI><a href="#[85]">&gt;&gt;</a>&nbsp;&nbsp;&nbsp;DL_Timer_initPWMMode
</UL>

<P><STRONG><a name="[5a]"></a>DL_Common_updateReg</STRONG> (Thumb, 64 bytes, Stack size 32 bytes, dl_timer.o(.text.DL_Common_updateReg))
<BR><BR>[Stack]<UL><LI>Max Depth = 56<LI>Call Chain = DL_Common_updateReg &rArr; __stack_chk_fail &rArr; printf
</UL>
<BR>[Calls]<UL><LI><a href="#[44]">&gt;&gt;</a>&nbsp;&nbsp;&nbsp;__stack_chk_fail
</UL>
<BR>[Called By]<UL><LI><a href="#[8b]">&gt;&gt;</a>&nbsp;&nbsp;&nbsp;DL_Timer_setCounterValueAfterEnable
<LI><a href="#[90]">&gt;&gt;</a>&nbsp;&nbsp;&nbsp;DL_Timer_setCaptCompUpdateMethod
<LI><a href="#[81]">&gt;&gt;</a>&nbsp;&nbsp;&nbsp;DL_Timer_setCaptureCompareAction
<LI><a href="#[85]">&gt;&gt;</a>&nbsp;&nbsp;&nbsp;DL_Timer_initPWMMode
<LI><a href="#[84]">&gt;&gt;</a>&nbsp;&nbsp;&nbsp;DL_Timer_setCaptureCompareInput
<LI><a href="#[82]">&gt;&gt;</a>&nbsp;&nbsp;&nbsp;DL_Timer_setCaptureCompareCtl
</UL>

<P><STRONG><a name="[55]"></a>DL_Common_updateReg</STRONG> (Thumb, 64 bytes, Stack size 32 bytes, dl_adc12.o(.text.DL_Common_updateReg))
<BR><BR>[Stack]<UL><LI>Max Depth = 56<LI>Call Chain = DL_Common_updateReg &rArr; __stack_chk_fail &rArr; printf
</UL>
<BR>[Calls]<UL><LI><a href="#[44]">&gt;&gt;</a>&nbsp;&nbsp;&nbsp;__stack_chk_fail
</UL>
<BR>[Called By]<UL><LI><a href="#[54]">&gt;&gt;</a>&nbsp;&nbsp;&nbsp;DL_ADC12_setClockConfig
</UL>

<P><STRONG><a name="[75]"></a>DL_GPIO_setPins</STRONG> (Thumb, 44 bytes, Stack size 24 bytes, led.o(.text.DL_GPIO_setPins))
<BR><BR>[Stack]<UL><LI>Max Depth = 48<LI>Call Chain = DL_GPIO_setPins &rArr; __stack_chk_fail &rArr; printf
</UL>
<BR>[Calls]<UL><LI><a href="#[44]">&gt;&gt;</a>&nbsp;&nbsp;&nbsp;__stack_chk_fail
</UL>
<BR>[Called By]<UL><LI><a href="#[c6]">&gt;&gt;</a>&nbsp;&nbsp;&nbsp;LED_ON
</UL>

<P><STRONG><a name="[5f]"></a>DL_GPIO_clearPins</STRONG> (Thumb, 44 bytes, Stack size 24 bytes, led.o(.text.DL_GPIO_clearPins))
<BR><BR>[Stack]<UL><LI>Max Depth = 48<LI>Call Chain = DL_GPIO_clearPins &rArr; __stack_chk_fail &rArr; printf
</UL>
<BR>[Calls]<UL><LI><a href="#[44]">&gt;&gt;</a>&nbsp;&nbsp;&nbsp;__stack_chk_fail
</UL>
<BR>[Called By]<UL><LI><a href="#[c8]">&gt;&gt;</a>&nbsp;&nbsp;&nbsp;LED_OFF
</UL>

<P><STRONG><a name="[66]"></a>DL_GPIO_getEnabledInterruptStatus</STRONG> (Thumb, 48 bytes, Stack size 24 bytes, encoder.o(.text.DL_GPIO_getEnabledInterruptStatus))
<BR><BR>[Stack]<UL><LI>Max Depth = 48<LI>Call Chain = DL_GPIO_getEnabledInterruptStatus &rArr; __stack_chk_fail &rArr; printf
</UL>
<BR>[Calls]<UL><LI><a href="#[44]">&gt;&gt;</a>&nbsp;&nbsp;&nbsp;__stack_chk_fail
</UL>
<BR>[Called By]<UL><LI><a href="#[7]">&gt;&gt;</a>&nbsp;&nbsp;&nbsp;GROUP1_IRQHandler
</UL>

<P><STRONG><a name="[6f]"></a>DL_GPIO_readPins</STRONG> (Thumb, 52 bytes, Stack size 24 bytes, encoder.o(.text.DL_GPIO_readPins))
<BR><BR>[Stack]<UL><LI>Max Depth = 48<LI>Call Chain = DL_GPIO_readPins &rArr; __stack_chk_fail &rArr; printf
</UL>
<BR>[Calls]<UL><LI><a href="#[44]">&gt;&gt;</a>&nbsp;&nbsp;&nbsp;__stack_chk_fail
</UL>
<BR>[Called By]<UL><LI><a href="#[7]">&gt;&gt;</a>&nbsp;&nbsp;&nbsp;GROUP1_IRQHandler
</UL>

<P><STRONG><a name="[5c]"></a>DL_GPIO_clearInterruptStatus</STRONG> (Thumb, 48 bytes, Stack size 24 bytes, encoder.o(.text.DL_GPIO_clearInterruptStatus))
<BR><BR>[Stack]<UL><LI>Max Depth = 48<LI>Call Chain = DL_GPIO_clearInterruptStatus &rArr; __stack_chk_fail &rArr; printf
</UL>
<BR>[Calls]<UL><LI><a href="#[44]">&gt;&gt;</a>&nbsp;&nbsp;&nbsp;__stack_chk_fail
</UL>
<BR>[Called By]<UL><LI><a href="#[7]">&gt;&gt;</a>&nbsp;&nbsp;&nbsp;GROUP1_IRQHandler
</UL>

<P><STRONG><a name="[76]"></a>DL_GPIO_setPins</STRONG> (Thumb, 44 bytes, Stack size 24 bytes, motor.o(.text.DL_GPIO_setPins))
<BR><BR>[Stack]<UL><LI>Max Depth = 48<LI>Call Chain = DL_GPIO_setPins &rArr; __stack_chk_fail &rArr; printf
</UL>
<BR>[Calls]<UL><LI><a href="#[44]">&gt;&gt;</a>&nbsp;&nbsp;&nbsp;__stack_chk_fail
</UL>
<BR>[Called By]<UL><LI><a href="#[dd]">&gt;&gt;</a>&nbsp;&nbsp;&nbsp;Set_PWM
</UL>

<P><STRONG><a name="[60]"></a>DL_GPIO_clearPins</STRONG> (Thumb, 44 bytes, Stack size 24 bytes, motor.o(.text.DL_GPIO_clearPins))
<BR><BR>[Stack]<UL><LI>Max Depth = 48<LI>Call Chain = DL_GPIO_clearPins &rArr; __stack_chk_fail &rArr; printf
</UL>
<BR>[Calls]<UL><LI><a href="#[44]">&gt;&gt;</a>&nbsp;&nbsp;&nbsp;__stack_chk_fail
</UL>
<BR>[Called By]<UL><LI><a href="#[dd]">&gt;&gt;</a>&nbsp;&nbsp;&nbsp;Set_PWM
</UL>

<P><STRONG><a name="[57]"></a>DL_ADC12_startConversion</STRONG> (Thumb, 48 bytes, Stack size 16 bytes, ccd.o(.text.DL_ADC12_startConversion))
<BR><BR>[Stack]<UL><LI>Max Depth = 40<LI>Call Chain = DL_ADC12_startConversion &rArr; __stack_chk_fail &rArr; printf
</UL>
<BR>[Calls]<UL><LI><a href="#[44]">&gt;&gt;</a>&nbsp;&nbsp;&nbsp;__stack_chk_fail
</UL>
<BR>[Called By]<UL><LI><a href="#[e8]">&gt;&gt;</a>&nbsp;&nbsp;&nbsp;adc_getValue
</UL>

<P><STRONG><a name="[50]"></a>DL_ADC12_getMemResult</STRONG> (Thumb, 72 bytes, Stack size 32 bytes, ccd.o(.text.DL_ADC12_getMemResult))
<BR><BR>[Stack]<UL><LI>Max Depth = 56<LI>Call Chain = DL_ADC12_getMemResult &rArr; __stack_chk_fail &rArr; printf
</UL>
<BR>[Calls]<UL><LI><a href="#[44]">&gt;&gt;</a>&nbsp;&nbsp;&nbsp;__stack_chk_fail
</UL>
<BR>[Called By]<UL><LI><a href="#[e8]">&gt;&gt;</a>&nbsp;&nbsp;&nbsp;adc_getValue
</UL>

<P><STRONG><a name="[105]"></a>set_int_enable</STRONG> (Thumb, 236 bytes, Stack size 32 bytes, inv_mpu.o(.text.set_int_enable))
<BR><BR>[Stack]<UL><LI>Max Depth = 200<LI>Call Chain = set_int_enable &rArr; i2cWrite &rArr; IIC_Wait_Ack &rArr; IIC_Stop &rArr; delay_us &rArr; __stack_chk_fail &rArr; printf
</UL>
<BR>[Calls]<UL><LI><a href="#[44]">&gt;&gt;</a>&nbsp;&nbsp;&nbsp;__stack_chk_fail
<LI><a href="#[102]">&gt;&gt;</a>&nbsp;&nbsp;&nbsp;i2cWrite
</UL>
<BR>[Called By]<UL><LI><a href="#[ad]">&gt;&gt;</a>&nbsp;&nbsp;&nbsp;mpu_set_dmp_state
<LI><a href="#[a5]">&gt;&gt;</a>&nbsp;&nbsp;&nbsp;mpu_configure_fifo
</UL>

<P><STRONG><a name="[101]"></a>get_st_biases</STRONG> (Thumb, 1208 bytes, Stack size 120 bytes, inv_mpu.o(.text.get_st_biases))
<BR><BR>[Stack]<UL><LI>Max Depth = 288<LI>Call Chain = get_st_biases &rArr; i2cWrite &rArr; IIC_Wait_Ack &rArr; IIC_Stop &rArr; delay_us &rArr; __stack_chk_fail &rArr; printf
</UL>
<BR>[Calls]<UL><LI><a href="#[c7]">&gt;&gt;</a>&nbsp;&nbsp;&nbsp;delay_ms
<LI><a href="#[44]">&gt;&gt;</a>&nbsp;&nbsp;&nbsp;__stack_chk_fail
<LI><a href="#[24]">&gt;&gt;</a>&nbsp;&nbsp;&nbsp;__aeabi_ldivmod
<LI><a href="#[102]">&gt;&gt;</a>&nbsp;&nbsp;&nbsp;i2cWrite
<LI><a href="#[a1]">&gt;&gt;</a>&nbsp;&nbsp;&nbsp;i2cRead
<LI><a href="#[fd]">&gt;&gt;</a>&nbsp;&nbsp;&nbsp;__aeabi_uidiv
</UL>
<BR>[Called By]<UL><LI><a href="#[113]">&gt;&gt;</a>&nbsp;&nbsp;&nbsp;mpu_run_self_test
</UL>

<P><STRONG><a name="[e4]"></a>accel_self_test</STRONG> (Thumb, 240 bytes, Stack size 56 bytes, inv_mpu.o(.text.accel_self_test))
<BR><BR>[Stack]<UL><LI>Max Depth = 280<LI>Call Chain = accel_self_test &rArr; get_accel_prod_shift &rArr; i2cRead &rArr; IIC_Read_Byte &rArr; IIC_NAck &rArr; delay_us &rArr; __stack_chk_fail &rArr; printf
</UL>
<BR>[Calls]<UL><LI><a href="#[2e]">&gt;&gt;</a>&nbsp;&nbsp;&nbsp;__aeabi_fdiv
<LI><a href="#[b2]">&gt;&gt;</a>&nbsp;&nbsp;&nbsp;__aeabi_fcmple
<LI><a href="#[29]">&gt;&gt;</a>&nbsp;&nbsp;&nbsp;__aeabi_fadd
<LI><a href="#[38]">&gt;&gt;</a>&nbsp;&nbsp;&nbsp;__aeabi_i2f
<LI><a href="#[44]">&gt;&gt;</a>&nbsp;&nbsp;&nbsp;__stack_chk_fail
<LI><a href="#[e7]">&gt;&gt;</a>&nbsp;&nbsp;&nbsp;__aeabi_fcmplt
<LI><a href="#[e6]">&gt;&gt;</a>&nbsp;&nbsp;&nbsp;__aeabi_fcmpeq
<LI><a href="#[e5]">&gt;&gt;</a>&nbsp;&nbsp;&nbsp;get_accel_prod_shift
</UL>
<BR>[Called By]<UL><LI><a href="#[113]">&gt;&gt;</a>&nbsp;&nbsp;&nbsp;mpu_run_self_test
</UL>

<P><STRONG><a name="[103]"></a>gyro_self_test</STRONG> (Thumb, 308 bytes, Stack size 56 bytes, inv_mpu.o(.text.gyro_self_test))
<BR><BR>[Stack]<UL><LI>Max Depth = 224<LI>Call Chain = gyro_self_test &rArr; i2cRead &rArr; IIC_Read_Byte &rArr; IIC_NAck &rArr; delay_us &rArr; __stack_chk_fail &rArr; printf
</UL>
<BR>[Calls]<UL><LI><a href="#[2e]">&gt;&gt;</a>&nbsp;&nbsp;&nbsp;__aeabi_fdiv
<LI><a href="#[b2]">&gt;&gt;</a>&nbsp;&nbsp;&nbsp;__aeabi_fcmple
<LI><a href="#[29]">&gt;&gt;</a>&nbsp;&nbsp;&nbsp;__aeabi_fadd
<LI><a href="#[48]">&gt;&gt;</a>&nbsp;&nbsp;&nbsp;__aeabi_fmul
<LI><a href="#[38]">&gt;&gt;</a>&nbsp;&nbsp;&nbsp;__aeabi_i2f
<LI><a href="#[44]">&gt;&gt;</a>&nbsp;&nbsp;&nbsp;__stack_chk_fail
<LI><a href="#[e7]">&gt;&gt;</a>&nbsp;&nbsp;&nbsp;__aeabi_fcmplt
<LI><a href="#[a1]">&gt;&gt;</a>&nbsp;&nbsp;&nbsp;i2cRead
</UL>
<BR>[Called By]<UL><LI><a href="#[113]">&gt;&gt;</a>&nbsp;&nbsp;&nbsp;mpu_run_self_test
</UL>

<P><STRONG><a name="[e5]"></a>get_accel_prod_shift</STRONG> (Thumb, 252 bytes, Stack size 56 bytes, inv_mpu.o(.text.get_accel_prod_shift))
<BR><BR>[Stack]<UL><LI>Max Depth = 224<LI>Call Chain = get_accel_prod_shift &rArr; i2cRead &rArr; IIC_Read_Byte &rArr; IIC_NAck &rArr; delay_us &rArr; __stack_chk_fail &rArr; printf
</UL>
<BR>[Calls]<UL><LI><a href="#[48]">&gt;&gt;</a>&nbsp;&nbsp;&nbsp;__aeabi_fmul
<LI><a href="#[44]">&gt;&gt;</a>&nbsp;&nbsp;&nbsp;__stack_chk_fail
<LI><a href="#[a1]">&gt;&gt;</a>&nbsp;&nbsp;&nbsp;i2cRead
</UL>
<BR>[Called By]<UL><LI><a href="#[e4]">&gt;&gt;</a>&nbsp;&nbsp;&nbsp;accel_self_test
</UL>

<P><STRONG><a name="[e9]"></a>decode_gesture</STRONG> (Thumb, 160 bytes, Stack size 32 bytes, inv_mpu_dmp_motion_driver.o(.text.decode_gesture))
<BR><BR>[Stack]<UL><LI>Max Depth = 56<LI>Call Chain = decode_gesture &rArr; __stack_chk_fail &rArr; printf
</UL>
<BR>[Calls]<UL><LI><a href="#[44]">&gt;&gt;</a>&nbsp;&nbsp;&nbsp;__stack_chk_fail
</UL>
<BR>[Called By]<UL><LI><a href="#[d0]">&gt;&gt;</a>&nbsp;&nbsp;&nbsp;dmp_read_fifo
</UL>

<P><STRONG><a name="[6a]"></a>DL_GPIO_initDigitalOutput</STRONG> (Thumb, 44 bytes, Stack size 16 bytes, ioi2c.o(.text.DL_GPIO_initDigitalOutput))
<BR><BR>[Stack]<UL><LI>Max Depth = 40<LI>Call Chain = DL_GPIO_initDigitalOutput &rArr; __stack_chk_fail &rArr; printf
</UL>
<BR>[Calls]<UL><LI><a href="#[44]">&gt;&gt;</a>&nbsp;&nbsp;&nbsp;__stack_chk_fail
</UL>
<BR>[Called By]<UL><LI><a href="#[b7]">&gt;&gt;</a>&nbsp;&nbsp;&nbsp;IIC_Send_Byte
<LI><a href="#[bd]">&gt;&gt;</a>&nbsp;&nbsp;&nbsp;IIC_NAck
<LI><a href="#[bb]">&gt;&gt;</a>&nbsp;&nbsp;&nbsp;IIC_Ack
<LI><a href="#[ba]">&gt;&gt;</a>&nbsp;&nbsp;&nbsp;IIC_Stop
<LI><a href="#[b6]">&gt;&gt;</a>&nbsp;&nbsp;&nbsp;IIC_Start
</UL>

<P><STRONG><a name="[77]"></a>DL_GPIO_setPins</STRONG> (Thumb, 44 bytes, Stack size 24 bytes, ioi2c.o(.text.DL_GPIO_setPins))
<BR><BR>[Stack]<UL><LI>Max Depth = 48<LI>Call Chain = DL_GPIO_setPins &rArr; __stack_chk_fail &rArr; printf
</UL>
<BR>[Calls]<UL><LI><a href="#[44]">&gt;&gt;</a>&nbsp;&nbsp;&nbsp;__stack_chk_fail
</UL>
<BR>[Called By]<UL><LI><a href="#[b9]">&gt;&gt;</a>&nbsp;&nbsp;&nbsp;IIC_Read_Byte
<LI><a href="#[b7]">&gt;&gt;</a>&nbsp;&nbsp;&nbsp;IIC_Send_Byte
<LI><a href="#[bd]">&gt;&gt;</a>&nbsp;&nbsp;&nbsp;IIC_NAck
<LI><a href="#[bb]">&gt;&gt;</a>&nbsp;&nbsp;&nbsp;IIC_Ack
<LI><a href="#[b8]">&gt;&gt;</a>&nbsp;&nbsp;&nbsp;IIC_Wait_Ack
<LI><a href="#[ba]">&gt;&gt;</a>&nbsp;&nbsp;&nbsp;IIC_Stop
<LI><a href="#[b6]">&gt;&gt;</a>&nbsp;&nbsp;&nbsp;IIC_Start
</UL>

<P><STRONG><a name="[64]"></a>DL_GPIO_enableOutput</STRONG> (Thumb, 44 bytes, Stack size 24 bytes, ioi2c.o(.text.DL_GPIO_enableOutput))
<BR><BR>[Stack]<UL><LI>Max Depth = 48<LI>Call Chain = DL_GPIO_enableOutput &rArr; __stack_chk_fail &rArr; printf
</UL>
<BR>[Calls]<UL><LI><a href="#[44]">&gt;&gt;</a>&nbsp;&nbsp;&nbsp;__stack_chk_fail
</UL>
<BR>[Called By]<UL><LI><a href="#[b7]">&gt;&gt;</a>&nbsp;&nbsp;&nbsp;IIC_Send_Byte
<LI><a href="#[bd]">&gt;&gt;</a>&nbsp;&nbsp;&nbsp;IIC_NAck
<LI><a href="#[bb]">&gt;&gt;</a>&nbsp;&nbsp;&nbsp;IIC_Ack
<LI><a href="#[ba]">&gt;&gt;</a>&nbsp;&nbsp;&nbsp;IIC_Stop
<LI><a href="#[b6]">&gt;&gt;</a>&nbsp;&nbsp;&nbsp;IIC_Start
</UL>

<P><STRONG><a name="[61]"></a>DL_GPIO_clearPins</STRONG> (Thumb, 44 bytes, Stack size 24 bytes, ioi2c.o(.text.DL_GPIO_clearPins))
<BR><BR>[Stack]<UL><LI>Max Depth = 48<LI>Call Chain = DL_GPIO_clearPins &rArr; __stack_chk_fail &rArr; printf
</UL>
<BR>[Calls]<UL><LI><a href="#[44]">&gt;&gt;</a>&nbsp;&nbsp;&nbsp;__stack_chk_fail
</UL>
<BR>[Called By]<UL><LI><a href="#[b9]">&gt;&gt;</a>&nbsp;&nbsp;&nbsp;IIC_Read_Byte
<LI><a href="#[b7]">&gt;&gt;</a>&nbsp;&nbsp;&nbsp;IIC_Send_Byte
<LI><a href="#[bd]">&gt;&gt;</a>&nbsp;&nbsp;&nbsp;IIC_NAck
<LI><a href="#[bb]">&gt;&gt;</a>&nbsp;&nbsp;&nbsp;IIC_Ack
<LI><a href="#[b8]">&gt;&gt;</a>&nbsp;&nbsp;&nbsp;IIC_Wait_Ack
<LI><a href="#[ba]">&gt;&gt;</a>&nbsp;&nbsp;&nbsp;IIC_Stop
<LI><a href="#[b6]">&gt;&gt;</a>&nbsp;&nbsp;&nbsp;IIC_Start
</UL>

<P><STRONG><a name="[68]"></a>DL_GPIO_initDigitalInput</STRONG> (Thumb, 44 bytes, Stack size 16 bytes, ioi2c.o(.text.DL_GPIO_initDigitalInput))
<BR><BR>[Stack]<UL><LI>Max Depth = 40<LI>Call Chain = DL_GPIO_initDigitalInput &rArr; __stack_chk_fail &rArr; printf
</UL>
<BR>[Calls]<UL><LI><a href="#[44]">&gt;&gt;</a>&nbsp;&nbsp;&nbsp;__stack_chk_fail
</UL>
<BR>[Called By]<UL><LI><a href="#[b9]">&gt;&gt;</a>&nbsp;&nbsp;&nbsp;IIC_Read_Byte
<LI><a href="#[b8]">&gt;&gt;</a>&nbsp;&nbsp;&nbsp;IIC_Wait_Ack
</UL>

<P><STRONG><a name="[70]"></a>DL_GPIO_readPins</STRONG> (Thumb, 52 bytes, Stack size 24 bytes, ioi2c.o(.text.DL_GPIO_readPins))
<BR><BR>[Stack]<UL><LI>Max Depth = 48<LI>Call Chain = DL_GPIO_readPins &rArr; __stack_chk_fail &rArr; printf
</UL>
<BR>[Calls]<UL><LI><a href="#[44]">&gt;&gt;</a>&nbsp;&nbsp;&nbsp;__stack_chk_fail
</UL>
<BR>[Called By]<UL><LI><a href="#[b9]">&gt;&gt;</a>&nbsp;&nbsp;&nbsp;IIC_Read_Byte
<LI><a href="#[b8]">&gt;&gt;</a>&nbsp;&nbsp;&nbsp;IIC_Wait_Ack
</UL>

<P><STRONG><a name="[a2]"></a>__NVIC_SystemReset</STRONG> (Thumb, 20 bytes, Stack size 0 bytes, mpu6050.o(.text.__NVIC_SystemReset))
<BR><BR>[Called By]<UL><LI><a href="#[a0]">&gt;&gt;</a>&nbsp;&nbsp;&nbsp;DMP_Init
</UL>

<P><STRONG><a name="[a8]"></a>inv_orientation_matrix_to_scalar</STRONG> (Thumb, 92 bytes, Stack size 32 bytes, mpu6050.o(.text.inv_orientation_matrix_to_scalar))
<BR><BR>[Stack]<UL><LI>Max Depth = 80<LI>Call Chain = inv_orientation_matrix_to_scalar &rArr; inv_row_2_scale &rArr; __stack_chk_fail &rArr; printf
</UL>
<BR>[Calls]<UL><LI><a href="#[44]">&gt;&gt;</a>&nbsp;&nbsp;&nbsp;__stack_chk_fail
<LI><a href="#[104]">&gt;&gt;</a>&nbsp;&nbsp;&nbsp;inv_row_2_scale
</UL>
<BR>[Called By]<UL><LI><a href="#[a0]">&gt;&gt;</a>&nbsp;&nbsp;&nbsp;DMP_Init
</UL>

<P><STRONG><a name="[ac]"></a>run_self_test</STRONG> (Thumb, 164 bytes, Stack size 56 bytes, mpu6050.o(.text.run_self_test))
<BR><BR>[Stack]<UL><LI>Max Depth = 504<LI>Call Chain = run_self_test &rArr; mpu_run_self_test &rArr; mpu_set_dmp_state &rArr; mpu_set_sample_rate &rArr; mpu_lp_accel_mode &rArr; mpu_configure_fifo &rArr; set_int_enable &rArr; i2cWrite &rArr; IIC_Wait_Ack &rArr; IIC_Stop &rArr; delay_us &rArr; __stack_chk_fail &rArr; printf
</UL>
<BR>[Calls]<UL><LI><a href="#[c4]">&gt;&gt;</a>&nbsp;&nbsp;&nbsp;__aeabi_f2iz
<LI><a href="#[48]">&gt;&gt;</a>&nbsp;&nbsp;&nbsp;__aeabi_fmul
<LI><a href="#[38]">&gt;&gt;</a>&nbsp;&nbsp;&nbsp;__aeabi_i2f
<LI><a href="#[44]">&gt;&gt;</a>&nbsp;&nbsp;&nbsp;__stack_chk_fail
<LI><a href="#[47]">&gt;&gt;</a>&nbsp;&nbsp;&nbsp;printf
<LI><a href="#[fa]">&gt;&gt;</a>&nbsp;&nbsp;&nbsp;dmp_set_accel_bias
<LI><a href="#[fe]">&gt;&gt;</a>&nbsp;&nbsp;&nbsp;dmp_set_gyro_bias
<LI><a href="#[113]">&gt;&gt;</a>&nbsp;&nbsp;&nbsp;mpu_run_self_test
<LI><a href="#[fb]">&gt;&gt;</a>&nbsp;&nbsp;&nbsp;mpu_get_accel_sens
<LI><a href="#[108]">&gt;&gt;</a>&nbsp;&nbsp;&nbsp;mpu_get_gyro_sens
</UL>
<BR>[Called By]<UL><LI><a href="#[a0]">&gt;&gt;</a>&nbsp;&nbsp;&nbsp;DMP_Init
</UL>

<P><STRONG><a name="[104]"></a>inv_row_2_scale</STRONG> (Thumb, 180 bytes, Stack size 24 bytes, mpu6050.o(.text.inv_row_2_scale))
<BR><BR>[Stack]<UL><LI>Max Depth = 48<LI>Call Chain = inv_row_2_scale &rArr; __stack_chk_fail &rArr; printf
</UL>
<BR>[Calls]<UL><LI><a href="#[44]">&gt;&gt;</a>&nbsp;&nbsp;&nbsp;__stack_chk_fail
</UL>
<BR>[Called By]<UL><LI><a href="#[a8]">&gt;&gt;</a>&nbsp;&nbsp;&nbsp;inv_orientation_matrix_to_scalar
</UL>

<P><STRONG><a name="[11e]"></a>_fp_digits</STRONG> (Thumb, 344 bytes, Stack size 64 bytes, printfa.o(i._fp_digits), UNUSED)
<BR><BR>[Calls]<UL><LI><a href="#[2f]">&gt;&gt;</a>&nbsp;&nbsp;&nbsp;__aeabi_dadd
<LI><a href="#[37]">&gt;&gt;</a>&nbsp;&nbsp;&nbsp;__aeabi_ddiv
<LI><a href="#[36]">&gt;&gt;</a>&nbsp;&nbsp;&nbsp;__aeabi_dmul
<LI><a href="#[40]">&gt;&gt;</a>&nbsp;&nbsp;&nbsp;__aeabi_d2ulz
<LI><a href="#[11f]">&gt;&gt;</a>&nbsp;&nbsp;&nbsp;__aeabi_cdrcmple
<LI><a href="#[25]">&gt;&gt;</a>&nbsp;&nbsp;&nbsp;__aeabi_uldivmod
</UL>
<BR>[Called By]<UL><LI><a href="#[115]">&gt;&gt;</a>&nbsp;&nbsp;&nbsp;_printf_core
</UL>

<P><STRONG><a name="[115]"></a>_printf_core</STRONG> (Thumb, 1754 bytes, Stack size 128 bytes, printfa.o(i._printf_core), UNUSED)
<BR><BR>[Calls]<UL><LI><a href="#[120]">&gt;&gt;</a>&nbsp;&nbsp;&nbsp;_printf_pre_padding
<LI><a href="#[121]">&gt;&gt;</a>&nbsp;&nbsp;&nbsp;_printf_post_padding
<LI><a href="#[11e]">&gt;&gt;</a>&nbsp;&nbsp;&nbsp;_fp_digits
<LI><a href="#[25]">&gt;&gt;</a>&nbsp;&nbsp;&nbsp;__aeabi_uldivmod
<LI><a href="#[3d]">&gt;&gt;</a>&nbsp;&nbsp;&nbsp;__aeabi_uidivmod
</UL>
<BR>[Called By]<UL><LI><a href="#[114]">&gt;&gt;</a>&nbsp;&nbsp;&nbsp;__0printf
</UL>

<P><STRONG><a name="[121]"></a>_printf_post_padding</STRONG> (Thumb, 32 bytes, Stack size 24 bytes, printfa.o(i._printf_post_padding), UNUSED)
<BR><BR>[Called By]<UL><LI><a href="#[115]">&gt;&gt;</a>&nbsp;&nbsp;&nbsp;_printf_core
</UL>

<P><STRONG><a name="[120]"></a>_printf_pre_padding</STRONG> (Thumb, 44 bytes, Stack size 40 bytes, printfa.o(i._printf_pre_padding), UNUSED)
<BR><BR>[Called By]<UL><LI><a href="#[115]">&gt;&gt;</a>&nbsp;&nbsp;&nbsp;_printf_core
</UL>
<P>
<H3>
Undefined Global Symbols
</H3><HR></body></html>
