<html>
<body>
<pre>
<h1>µVision Build Log</h1>
<h2>Tool Versions:</h2>
IDE-Version: ¦ÌVision V5.37.0.0
Copyright (C) 2022 ARM Ltd and ARM Germany GmbH. All rights reserved.
License Information: 1 Administrator, 1, LIC=TIVNB-2BQNF-01TP1-CLCDZ-GQ96Z-GV0WL
 
Tool Versions:
Toolchain:       MDK-ARM Plus  Version: 5.37.0.0
Toolchain Path:  D:\Software000000\keil\ARM\ARMCLANG\Bin
C Compiler:      ArmClang.exe V6.18
Assembler:       Armasm.exe V6.18
Linker/Locator:  ArmLink.exe V6.18
Library Manager: ArmAr.exe V6.18
Hex Converter:   FromElf.exe V6.18
CPU DLL:         SARMCM3.DLL V5.37.0.0
Dialog DLL:      DARMCM1.DLL V1.19.6.0
Target DLL:      CMSIS_AGDI.dll V1.33.12.0
Dialog DLL:      TARMCM1.DLL V1.14.6.0
 
<h2>Project:</h2>
C:\Users\Administrator\Desktop\24µçÈü\MSP\13.SOFT_SPI_OLED\keil\MSPM03507.uvprojx
Project File Date:  07/12/2024

<h2>Output:</h2>
*** Using Compiler 'V6.18', folder: 'D:\Software000000\keil\ARM\ARMCLANG\Bin'
Rebuild target 'MSPM03507'
assembling startup_mspm0g350x_uvision.s...
compiling OLED_Data.c...
compiling main.c...
compiling KEY.c...
compiling LED.c...
compiling ti_msp_dl_config.c...
compiling Exti.c...
compiling oled.c...
compiling ADC.c...
compiling Motor.c...
compiling Sever.c...
compiling DAC.c...
compiling HMC5883.c...
compiling Timer.c...
compiling UART.c...
compiling MYIIC.c...
compiling dl_adc12.c...
compiling dl_aes.c...
compiling dl_aesadv.c...
compiling dl_common.c...
compiling delay.c...
compiling dl_crc.c...
compiling MYSPI.c...
compiling dl_crcp.c...
compiling dl_dac12.c...
compiling dl_dma.c...
compiling dl_keystorectl.c...
compiling dl_lcd.c...
compiling dl_i2c.c...
compiling dl_lfss.c...
compiling dl_flashctl.c...
compiling dl_mathacl.c...
compiling dl_opa.c...
compiling dl_spi.c...
compiling dl_rtc_common.c...
compiling dl_trng.c...
compiling dl_mcan.c...
compiling dl_timer.c...
compiling dl_vref.c...
compiling dl_uart.c...
linking...
Program Size: Code=15332 RO-data=3008 RW-data=4 ZI-data=1980  
FromELF: creating hex file...
".\Objects\ncontroller.axf" - 0 Error(s), 0 Warning(s).

<h2>Software Packages used:</h2>

Package Vendor: TexasInstruments
                http://software-dl.ti.com/msp430/esd/MSPM0-CMSIS/MSPM0G/latest/exports/TexasInstruments.MSPM0G_DFP.1.2.1.pack
                TexasInstruments.MSPM0G_DFP.1.2.1
                Device Family Pack for Texas Instruments MSPM0G Series

<h2>Collection of Component include folders:</h2>

<h2>Collection of Component Files used:</h2>
Build Time Elapsed:  00:00:02
</pre>
</body>
</html>
